 settings

 Timestamp is 51317314 (Sat Mar 02 11:33:40 2013)

 Preferred load address is 00010000

 Start         Length     Name                   Class
 0001:00000000 000286a4H .text                   CODE
 0001:000286c0 000004b8H .text$yc                CODE
 0001:00028b78 00000104H .text$yd                CODE
 0002:00000000 00000004H .CRT$XCA                DATA
 0002:00000004 0000008cH .CRT$XCU                DATA
 0002:00000090 00000004H .CRT$XCZ                DATA
 0002:00000094 00000004H .CRT$XIA                DATA
 0002:00000098 00000004H .CRT$XIZ                DATA
 0002:0000009c 00000004H .CRT$XPA                DATA
 0002:000000a0 00000004H .CRT$XPZ                DATA
 0002:000000a4 00000004H .CRT$XTA                DATA
 0002:000000a8 00000004H .CRT$XTZ                DATA
 0002:000000b0 00057778H .rdata                  DATA
 0002:00057828 000014a4H .rdata$r                DATA
 0002:00058ccc 00000050H .xdata                  DATA
 0002:00058d1c 000000e8H .xdata$x                DATA
 0002:00058e04 00000050H .idata$2                DATA
 0002:00058e54 00000014H .idata$3                DATA
 0002:00058e68 0000099cH .idata$4                DATA
 0002:00059804 000061ceH .idata$6                DATA
 0002:0005f9d2 00000000H .edata                  DATA
 0003:00000000 0000099cH .idata$5                DATA
 0003:0000099c 00000a62H .data                   DATA
 0003:00001400 00000098H .bss                    DATA
 0004:00000000 000012d8H .pdata                  DATA

  Address         Publics by Value              Rva+Base       Lib:Object

 0000:00000000       ___safe_se_handler_count   00000000     <absolute>
 0000:00000000       ___safe_se_handler_table   00000000     <absolute>
 0001:00000000       main                       00011000 f   main.obj
 0001:00000140       ??1Window@Settings@@UAA@XZ 00011140 f i main.obj
 0001:00000240       ?deleteNode2@?$QHash@VQModelIndex@@PAVQWidget@@@@CAXPAUNode@QHashData@@@Z 00011240 f i main.obj
 0001:00000250       ??0ListView@Settings@@QAA@_NPAVQWidget@@@Z 00011250 f   listview.obj
 0001:00000374       ??_EListView@Settings@@UAAPAXI@Z 00011374 f i  CIL library: CIL module
 0001:00000374       ??_GListView@Settings@@UAAPAXI@Z 00011374 f i listview.obj
 0001:0000039c       ??1ListView@Settings@@UAA@XZ 0001139c f   listview.obj
 0001:00000494       ?init@ListView@Settings@@QAAXXZ 00011494 f   listview.obj
 0001:000008cc       ??_EQWidget@@UAAPAXI@Z     000118cc f i  CIL library: CIL module
 0001:000008cc       ??_GQWidget@@UAAPAXI@Z     000118cc f i listview.obj
 0001:00000900       ??_GQPixmap@@UAAPAXI@Z     00011900 f i listview.obj
 0001:00000900       ??_EQPixmap@@UAAPAXI@Z     00011900 f i  CIL library: CIL module
 0001:00000934       ?sizeHint@ListView@Settings@@UBA?AVQSize@@XZ 00011934 f   listview.obj
 0001:000009dc       ?scrollBy@ListView@Settings@@IAAXH@Z 000119dc f   listview.obj
 0001:00000b3c       ?setModel@ListView@Settings@@QAAXPAVQAbstractItemModel@@@Z 00011b3c f   listview.obj
 0001:00000bd4       ?mousePressEvent@ListView@Settings@@MAAXPAVQMouseEvent@@@Z 00011bd4 f   listview.obj
 0001:00000de4       ?mouseMoveEvent@ListView@Settings@@MAAXPAVQMouseEvent@@@Z 00011de4 f   listview.obj
 0001:00000e8c       ?mouseReleaseEvent@ListView@Settings@@MAAXPAVQMouseEvent@@@Z 00011e8c f   listview.obj
 0001:000010cc       ?render@ListView@Settings@@IAAXXZ 000120cc f   listview.obj
 0001:00001ac8       ?paintEvent@ListView@Settings@@MAAXPAVQPaintEvent@@@Z 00012ac8 f   listview.obj
 0001:00001fd0       ?timerEvent@ListView@Settings@@MAAXPAVQTimerEvent@@@Z 00012fd0 f   listview.obj
 0001:00002090       ?reset@ListView@Settings@@QAAXXZ 00013090 f   listview.obj
 0001:000021b0       ?updateEditorGeometry@ListView@Settings@@IAAXABVQRect@@H@Z 000131b0 f   listview.obj
 0001:000022c4       ?updateEditorPos@ListView@Settings@@IAAXHH@Z 000132c4 f   listview.obj
 0001:00002354       ?openPersistentEditor@ListView@Settings@@IAAXH@Z 00013354 f   listview.obj
 0001:000026b0       ?openEditor@ListView@Settings@@IAAXH@Z 000136b0 f   listview.obj
 0001:00002894       ?commitData@ListView@Settings@@IAAXPAVBaseEditor@2@@Z 00013894 f   listview.obj
 0001:0000295c       ?dataChanged@ListView@Settings@@IAAXABVQModelIndex@@0@Z 0001395c f   listview.obj
 0001:00002b18       ?changeEvent@ListView@Settings@@MAAXPAVQEvent@@@Z 00013b18 f   listview.obj
 0001:00002b48       ?key@?$QHash@HPAVBaseEditor@Settings@@@@QBA?BHABQAVBaseEditor@Settings@@ABH@Z 00013b48 f i listview.obj
 0001:00002bdc       ?value@?$QHash@HPAVBaseEditor@Settings@@@@QBAQAVBaseEditor@Settings@@ABHABQAV23@@Z 00013bdc f i listview.obj
 0001:00002c6c       ??A?$QHash@HPAVBaseEditor@Settings@@@@QAAAAPAVBaseEditor@Settings@@ABH@Z 00013c6c f i listview.obj
 0001:00002dc4       ?findNode@?$QHash@HPAVBaseEditor@Settings@@@@ABAPAPAU?$QHashNode@HPAVBaseEditor@Settings@@@@ABHPAI@Z 00013dc4 f i listview.obj
 0001:00002e40       ?deleteNode2@?$QHash@HPAVBaseEditor@Settings@@@@CAXPAUNode@QHashData@@@Z 00013e40 f i listview.obj
 0001:00002e60       ?duplicateNode@?$QHash@HPAVBaseEditor@Settings@@@@CAXPAUNode@QHashData@@PAX@Z 00013e60 f i listview.obj
 0001:00002e70       ??_EQWidget@@W7AAPAXI@Z    00013e70 f i listview.obj
 0001:00002e78       ??_EListView@Settings@@W7AAPAXI@Z 00013e78 f i listview.obj
 0001:00002e80       ??1bad_alloc@std@@UAA@XZ   00013e80 f i window.obj
 0001:00002e94       ??_Ebad_alloc@std@@UAAPAXI@Z 00013e94 f i  CIL library: CIL module
 0001:00002e94       ??_Gbad_alloc@std@@UAAPAXI@Z 00013e94 f i window.obj
 0001:00002ec8       ?translatorName@Window@Settings@@MBA?AVQString@@XZ 00013ec8 f i window.obj
 0001:00002f04       ??0Window@Settings@@QAA@PAVQWidget@@@Z 00013f04 f   window.obj
 0001:00003000       ??_EWindow@Settings@@UAAPAXI@Z 00014000 f i  CIL library: CIL module
 0001:00003000       ??_GWindow@Settings@@UAAPAXI@Z 00014000 f i window.obj
 0001:00003028       ?init@Window@Settings@@QAAXXZ 00014028 f   window.obj
 0001:000031d8       ?createPage@Window@Settings@@IAAPAVQWidget@@ABVQModelIndex@@@Z 000141d8 f   window.obj
 0001:00003314       ?event@Window@Settings@@MAA_NPAVQEvent@@@Z 00014314 f   window.obj
 0001:00003340       ?eventFilter@Window@Settings@@MAA_NPAVQObject@@PAVQEvent@@@Z 00014340 f   window.obj
 0001:00003440       ?winEvent@Window@Settings@@MAA_NPAUtagMSG@@PAJ@Z 00014440 f   window.obj
 0001:00003a24       ?goForward@Window@Settings@@QAAXABVQModelIndex@@@Z 00014a24 f   window.obj
 0001:000042c0       ??_GQPropertyAnimation@@UAAPAXI@Z 000152c0 f i window.obj
 0001:000042c0       ??_EQPropertyAnimation@@UAAPAXI@Z 000152c0 f i  CIL library: CIL module
 0001:000042f4       ?goBackward@Window@Settings@@QAAXXZ 000152f4 f   window.obj
 0001:00004464       ?onShiftFinished@Window@Settings@@QAAXXZ 00015464 f   window.obj
 0001:0000459c       ??0?$basic_string@DU?$char_traits@D@std@@V?$allocator@D@2@@std@@QAA@PBD@Z 0001559c f i window.obj
 0001:000045dc       ??1?$basic_string@DU?$char_traits@D@std@@V?$allocator@D@2@@std@@QAA@XZ 000155dc f i window.obj
 0001:0000460c       ?assign@?$basic_string@DU?$char_traits@D@std@@V?$allocator@D@2@@std@@QAAAAV12@ABV12@II@Z 0001560c f i window.obj
 0001:000046f8       ?assign@?$basic_string@DU?$char_traits@D@std@@V?$allocator@D@2@@std@@QAAAAV12@PBDI@Z 000156f8 f i window.obj
 0001:0000480c       ?_Tidy@?$basic_string@DU?$char_traits@D@std@@V?$allocator@D@2@@std@@IAAX_NI@Z 0001580c f i window.obj
 0001:00004880       ?erase@?$basic_string@DU?$char_traits@D@std@@V?$allocator@D@2@@std@@QAAAAV12@II@Z 00015880 f i window.obj
 0001:0000493c       ?_Grow@?$basic_string@DU?$char_traits@D@std@@V?$allocator@D@2@@std@@IAA_NI_N@Z 0001593c f i window.obj
 0001:00004a00       ?_Copy@?$basic_string@DU?$char_traits@D@std@@V?$allocator@D@2@@std@@IAAXII@Z 00015a00 f i window.obj
 0001:00004b64       ?allocate@?$allocator@D@std@@QAAPADI@Z 00015b64 f i window.obj
 0001:00004bd0       ?pop@?$QStack@PAVQWidget@@@@QAAPAVQWidget@@XZ 00015bd0 f i window.obj
 0001:00004c80       ?top@?$QStack@PAVQWidget@@@@QAAAAPAVQWidget@@XZ 00015c80 f i window.obj
 0001:00004cf4       ?append@?$QVector@PAVQWidget@@@@QAAXABQAVQWidget@@@Z 00015cf4 f i window.obj
 0001:00004db4       ?remove@?$QHash@VQModelIndex@@PAVQWidget@@@@QAAHABVQModelIndex@@@Z 00015db4 f i window.obj
 0001:00004ee8       ?insert@?$QHash@VQModelIndex@@PAVQWidget@@@@QAA?AViterator@1@ABVQModelIndex@@ABQAVQWidget@@@Z 00015ee8 f i window.obj
 0001:00005080       ??0bad_alloc@std@@QAA@ABV01@@Z 00016080 f i window.obj
 0001:000050a0       ?detach@?$QHash@VQModelIndex@@PAVQWidget@@@@QAAXXZ 000160a0 f i window.obj
 0001:00005140       ?realloc@?$QVector@PAVQWidget@@@@AAAXHH@Z 00016140 f i window.obj
 0001:000052d0       ?key@?$QHash@VQModelIndex@@PAVQWidget@@@@QBA?BVQModelIndex@@ABQAVQWidget@@ABV2@@Z 000162d0 f i window.obj
 0001:000053b0       ?findNode@?$QHash@VQModelIndex@@PAVQWidget@@@@ABAPAPAU?$QHashNode@VQModelIndex@@PAVQWidget@@@@ABVQModelIndex@@PAI@Z 000163b0 f i window.obj
 0001:00005488       ?duplicateNode@?$QHash@VQModelIndex@@PAVQWidget@@@@CAXPAUNode@QHashData@@PAX@Z 00016488 f i window.obj
 0001:000054c8       ??_EWindow@Settings@@W7AAPAXI@Z 000164c8 f i window.obj
 0001:000054d0       ??6QStringList@@QAAAAV0@ABVQString@@@Z 000164d0 f i settingmodel.obj
 0001:00005564       ??_EFindNaviThread@Settings@@UAAPAXI@Z 00016564 f i  CIL library: CIL module
 0001:00005564       ??_GFindNaviThread@Settings@@UAAPAXI@Z 00016564 f i settingmodel.obj
 0001:00005598       ??0SettingItem@Settings@@QAA@ABVQString@@W4ItemType@1@V?$QFlags@W4ItemFlag@Qt@@@@PAV01@@Z 00016598 f i settingmodel.obj
 0001:0000563c       ?value@SettingItem@Settings@@QBA?AVQVariant@@XZ 0001663c f   settingmodel.obj
 0001:000058d0       ?setValue@SettingItem@Settings@@QAAXVQVariant@@@Z 000168d0 f   settingmodel.obj
 0001:00005b34       ??_GSettingModel@Settings@@UAAPAXI@Z 00016b34 f i settingmodel.obj
 0001:00005b34       ??_ESettingModel@Settings@@UAAPAXI@Z 00016b34 f i  CIL library: CIL module
 0001:00005b68       ?index@SettingModel@Settings@@UBA?AVQModelIndex@@HHABV3@@Z 00016b68 f   settingmodel.obj
 0001:00005c34       ?parent@SettingModel@Settings@@UBA?AVQModelIndex@@ABV3@@Z 00016c34 f   settingmodel.obj
 0001:00005d60       ?rowCount@SettingModel@Settings@@UBAHABVQModelIndex@@@Z 00016d60 f   settingmodel.obj
 0001:00005e00       ?columnCount@SettingModel@Settings@@UBAHABVQModelIndex@@@Z 00016e00 f   settingmodel.obj
 0001:00005e08       ?data@SettingModel@Settings@@UBA?AVQVariant@@ABVQModelIndex@@H@Z 00016e08 f   settingmodel.obj
 0001:0000612c       ?setData@SettingModel@Settings@@UAA_NABVQModelIndex@@ABVQVariant@@H@Z 0001712c f   settingmodel.obj
 0001:0000626c       ?flags@SettingModel@Settings@@UBA?AV?$QFlags@W4ItemFlag@Qt@@@@ABVQModelIndex@@@Z 0001726c f   settingmodel.obj
 0001:000062c0       ?loadXml@SettingModel@Settings@@IAAXXZ 000172c0 f   settingmodel.obj
 0001:00007264       ??_GWalkModel@Settings@@UAAPAXI@Z 00018264 f i settingmodel.obj
 0001:00007264       ??_EWalkModel@Settings@@UAAPAXI@Z 00018264 f i  CIL library: CIL module
 0001:000072fc       ?mapFromSource@WalkModel@Settings@@UBA?AVQModelIndex@@ABV3@@Z 000182fc f   settingmodel.obj
 0001:000073cc       ?mapToSource@WalkModel@Settings@@UBA?AVQModelIndex@@ABV3@@Z 000183cc f   settingmodel.obj
 0001:000074e8       ?index@WalkModel@Settings@@UBA?AVQModelIndex@@HHABV3@@Z 000184e8 f   settingmodel.obj
 0001:00007508       ?parent@WalkModel@Settings@@UBA?AVQModelIndex@@ABV3@@Z 00018508 f   settingmodel.obj
 0001:00007534       ?rowCount@WalkModel@Settings@@UBAHABVQModelIndex@@@Z 00018534 f   settingmodel.obj
 0001:00007560       ?columnCount@WalkModel@Settings@@UBAHABVQModelIndex@@@Z 00018560 f   settingmodel.obj
 0001:00007568       ?flags@WalkModel@Settings@@UBA?AV?$QFlags@W4ItemFlag@Qt@@@@ABVQModelIndex@@@Z 00018568 f   settingmodel.obj
 0001:000075cc       ?data@WalkModel@Settings@@UBA?AVQVariant@@ABVQModelIndex@@H@Z 000185cc f   settingmodel.obj
 0001:000076e8       ?setData@WalkModel@Settings@@UAA_NABVQModelIndex@@ABVQVariant@@H@Z 000186e8 f   settingmodel.obj
 0001:000077f0       ??0VersionModel@Settings@@QAA@PAVQObject@@@Z 000187f0 f   settingmodel.obj
 0001:000080dc       ??_GVersionModel@Settings@@UAAPAXI@Z 000190dc f i settingmodel.obj
 0001:000080dc       ??_EVersionModel@Settings@@UAAPAXI@Z 000190dc f i  CIL library: CIL module
 0001:00008148       ?index@VersionModel@Settings@@UBA?AVQModelIndex@@HHABV3@@Z 00019148 f   settingmodel.obj
 0001:000081e4       ?parent@VersionModel@Settings@@UBA?AVQModelIndex@@ABV3@@Z 000191e4 f   settingmodel.obj
 0001:00008204       ?rowCount@VersionModel@Settings@@UBAHABVQModelIndex@@@Z 00019204 f   settingmodel.obj
 0001:00008260       ?columnCount@VersionModel@Settings@@UBAHABVQModelIndex@@@Z 00019260 f   settingmodel.obj
 0001:00008268       ?data@VersionModel@Settings@@UBA?AVQVariant@@ABVQModelIndex@@H@Z 00019268 f   settingmodel.obj
 0001:00008400       ?flags@VersionModel@Settings@@UBA?AV?$QFlags@W4ItemFlag@Qt@@@@ABVQModelIndex@@@Z 00019400 f   settingmodel.obj
 0001:00008410       ??0NaviPathModel@Settings@@QAA@PAVQObject@@@Z 00019410 f   settingmodel.obj
 0001:000084e8       ??_GNaviPathModel@Settings@@UAAPAXI@Z 000194e8 f i settingmodel.obj
 0001:000084e8       ??_ENaviPathModel@Settings@@UAAPAXI@Z 000194e8 f i  CIL library: CIL module
 0001:00008554       ?index@NaviPathModel@Settings@@UBA?AVQModelIndex@@HHABV3@@Z 00019554 f   settingmodel.obj
 0001:000085f0       ?parent@NaviPathModel@Settings@@UBA?AVQModelIndex@@ABV3@@Z 000195f0 f   settingmodel.obj
 0001:00008610       ?rowCount@NaviPathModel@Settings@@UBAHABVQModelIndex@@@Z 00019610 f   settingmodel.obj
 0001:00008660       ?columnCount@NaviPathModel@Settings@@UBAHABVQModelIndex@@@Z 00019660 f   settingmodel.obj
 0001:00008668       ?setData@NaviPathModel@Settings@@UAA_NABVQModelIndex@@ABVQVariant@@H@Z 00019668 f   settingmodel.obj
 0001:00008ae4       ?data@NaviPathModel@Settings@@UBA?AVQVariant@@ABVQModelIndex@@H@Z 00019ae4 f   settingmodel.obj
 0001:00008e9c       ?flags@NaviPathModel@Settings@@UBA?AV?$QFlags@W4ItemFlag@Qt@@@@ABVQModelIndex@@@Z 00019e9c f   settingmodel.obj
 0001:00008ec4       ?scanStart@NaviPathModel@Settings@@QAAXXZ 00019ec4 f   settingmodel.obj
 0001:00008fc8       ?cardRemove@NaviPathModel@Settings@@QAAXXZ 00019fc8 f   settingmodel.obj
 0001:000090ac       ?onScanFinished@NaviPathModel@Settings@@IAAXXZ 0001a0ac f   settingmodel.obj
 0001:000091c8       ?scan@NaviPathModel@Settings@@QAAXABVQString@@@Z 0001a1c8 f   settingmodel.obj
 0001:0000984c       ?run@FindNaviThread@Settings@@UAAXXZ 0001a84c f   settingmodel.obj
 0001:00009938       ?clear@?$QList@VQString@@@@QAAXXZ 0001a938 f i settingmodel.obj
 0001:000099f0       ?detach_helper@?$QList@VQString@@@@AAAXXZ 0001a9f0 f i settingmodel.obj
 0001:00009b00       ?clear@?$QList@H@@QAAXXZ   0001ab00 f i settingmodel.obj
 0001:00009bec       ?pop@?$QStack@PAVSettingItem@Settings@@@@QAAPAVSettingItem@Settings@@XZ 0001abec f i settingmodel.obj
 0001:00009c9c       ?free@?$QList@VQString@@@@AAAXPAUData@QListData@@@Z 0001ac9c f i settingmodel.obj
 0001:00009d14       ?detach_helper@?$QList@H@@AAAXXZ 0001ad14 f i settingmodel.obj
 0001:00009dd0       ?detach_helper@?$QList@VQFileInfo@@@@AAAXXZ 0001add0 f i settingmodel.obj
 0001:00009ee0       ?detach_helper@?$QList@PAVSettingItem@Settings@@@@AAAXXZ 0001aee0 f i settingmodel.obj
 0001:00009f9c       ?realloc@?$QVector@PAVSettingItem@Settings@@@@AAAXHH@Z 0001af9c f i settingmodel.obj
 0001:0000a12c       ?getPixmap@Resource@@SA_NABVQString@@PAVQPixmap@@@Z 0001b12c f   resource.obj
 0001:0000a220       ?imageRootPath@Resource@@SA?AVQString@@XZ 0001b220 f   resource.obj
 0001:0000a2e8       ?setWallpaper@Resource@@SA_NABVQString@@@Z 0001b2e8 f   resource.obj
 0001:0000a480       ??_GSlideSwitch@Settings@@UAAPAXI@Z 0001b480 f i slideswitch.obj
 0001:0000a480       ??_ESlideSwitch@Settings@@UAAPAXI@Z 0001b480 f i  CIL library: CIL module
 0001:0000a4e8       ?init@SlideSwitch@Settings@@QAAXXZ 0001b4e8 f   slideswitch.obj
 0001:0000a7bc       ?sizeHint@SlideSwitch@Settings@@UBA?AVQSize@@XZ 0001b7bc f   slideswitch.obj
 0001:0000a92c       ?value@SlideSwitch@Settings@@UBA?AVQVariant@@XZ 0001b92c f   slideswitch.obj
 0001:0000a954       ?setValue@SlideSwitch@Settings@@UAAXABVQVariant@@@Z 0001b954 f   slideswitch.obj
 0001:0000a9d0       ?moveEvent@SlideSwitch@Settings@@MAAXPAVQMoveEvent@@@Z 0001b9d0 f   slideswitch.obj
 0001:0000a9f0       ?mousePressEvent@SlideSwitch@Settings@@MAAXPAVQMouseEvent@@@Z 0001b9f0 f   slideswitch.obj
 0001:0000aa10       ?mouseReleaseEvent@SlideSwitch@Settings@@MAAXPAVQMouseEvent@@@Z 0001ba10 f   slideswitch.obj
 0001:0000aaa8       ?timerEvent@SlideSwitch@Settings@@MAAXPAVQTimerEvent@@@Z 0001baa8 f   slideswitch.obj
 0001:0000ac6c       ?paintEvent@SlideSwitch@Settings@@MAAXPAVQPaintEvent@@@Z 0001bc6c f   slideswitch.obj
 0001:0000ae1c       ??_ESlideSwitch@Settings@@W7AAPAXI@Z 0001be1c f i slideswitch.obj
 0001:0000ae24       ??_EPageFactory@Settings@@UAAPAXI@Z 0001be24 f i  CIL library: CIL module
 0001:0000ae24       ??_GPageFactory@Settings@@UAAPAXI@Z 0001be24 f i pagefactory.obj
 0001:0000ae58       ?create@PageFactory@Settings@@QAAPAVQWidget@@ABVQModelIndex@@@Z 0001be58 f   pagefactory.obj
 0001:0000b3e4       ??_GLoadImgThread@Settings@@UAAPAXI@Z 0001c3e4 f i wallpaperwidget.obj
 0001:0000b3e4       ??_ELoadImgThread@Settings@@UAAPAXI@Z 0001c3e4 f i  CIL library: CIL module
 0001:0000b4c8       ??0WallpaperWidget@Settings@@QAA@PAVQWidget@@@Z 0001c4c8 f   wallpaperwidget.obj
 0001:0000b578       ??_EWallpaperWidget@Settings@@UAAPAXI@Z 0001c578 f i  CIL library: CIL module
 0001:0000b578       ??_GWallpaperWidget@Settings@@UAAPAXI@Z 0001c578 f i wallpaperwidget.obj
 0001:0000b5a0       ??1WallpaperWidget@Settings@@UAA@XZ 0001c5a0 f   wallpaperwidget.obj
 0001:0000b688       ?init@WallpaperWidget@Settings@@IAAXXZ 0001c688 f   wallpaperwidget.obj
 0001:0000ba84       ?populatePictureFlow@WallpaperWidget@Settings@@QAAXXZ 0001ca84 f   wallpaperwidget.obj
 0001:0000bda4       ??_EQImage@@UAAPAXI@Z      0001cda4 f i  CIL library: CIL module
 0001:0000bda4       ??_GQImage@@UAAPAXI@Z      0001cda4 f i wallpaperwidget.obj
 0001:0000bdd8       ?OnFinishLoad@WallpaperWidget@Settings@@IAAXXZ 0001cdd8 f   wallpaperwidget.obj
 0001:0000c1f4       ?onChangeWallpaper@WallpaperWidget@Settings@@IAAXABVQString@@@Z 0001d1f4 f   wallpaperwidget.obj
 0001:0000c2f0       ?loadXml@WallpaperWidget@Settings@@IAA_NPAVQStringList@@@Z 0001d2f0 f   wallpaperwidget.obj
 0001:0000c900       ?run@LoadImgThread@Settings@@UAAXXZ 0001d900 f   wallpaperwidget.obj
 0001:0000c908       ?clear@?$QVector@PAVQImage@@@@QAAXXZ 0001d908 f i wallpaperwidget.obj
 0001:0000c9c4       ?realloc@?$QVector@PAVQImage@@@@AAAXHH@Z 0001d9c4 f i wallpaperwidget.obj
 0001:0000cb54       ??_EWallpaperWidget@Settings@@W7AAPAXI@Z 0001db54 f i wallpaperwidget.obj
 0001:0000cb5c       ??0PictureFlowPrivate@@QAA@PAVPictureFlow@@@Z 0001db5c f   pictureflow.obj
 0001:0000cd54       ?setSlideCount@PictureFlowPrivate@@QAAXH@Z 0001dd54 f   pictureflow.obj
 0001:0000cea4       ?showSlide@PictureFlowPrivate@@QAAXH@Z 0001dea4 f   pictureflow.obj
 0001:0000cf7c       ?resetSlides@PictureFlowPrivate@@AAAXXZ 0001df7c f   pictureflow.obj
 0001:0000d57c       ?surface@PictureFlowPrivate@@AAAPAVQImage@@H@Z 0001e57c f   pictureflow.obj
 0001:0000daec       ?render@PictureFlowPrivate@@QAAXXZ 0001eaec f   pictureflow.obj
 0001:0000e83c       ?renderSlide@PictureFlowPrivate@@AAA?AVQRect@@ABUSlideInfo@@HHH@Z 0001f83c f   pictureflow.obj
 0001:0000ef80       ?recalc@PictureFlowPrivate@@AAAXHH@Z 0001ff80 f   pictureflow.obj
 0001:0000f360       ?startAnimation@PictureFlowPrivate@@QAAXXZ 00020360 f   pictureflow.obj
 0001:0000f3dc       ?updateAnimation@PictureFlowPrivate@@QAAXXZ 000203dc f   pictureflow.obj
 0001:0000f9c4       ??0PictureFlow@@QAA@PAVQWidget@@@Z 000209c4 f   pictureflow.obj
 0001:0000fa84       ??_GPictureFlow@@UAAPAXI@Z 00020a84 f i pictureflow.obj
 0001:0000fa84       ??_EPictureFlow@@UAAPAXI@Z 00020a84 f i  CIL library: CIL module
 0001:0000faf0       ??1PictureFlowPrivate@@QAA@XZ 00020af0 f i pictureflow.obj
 0001:0000fcac       ?setSlideSize@PictureFlow@@QAAXVQSize@@@Z 00020cac f   pictureflow.obj
 0001:0000fd18       ?slide@PictureFlow@@UBA?AVQImage@@H@Z 00020d18 f   pictureflow.obj
 0001:0000fd54       ?setSlide@PictureFlow@@UAAXHABVQImage@@@Z 00020d54 f   pictureflow.obj
 0001:0000fe00       ?setSlide@PictureFlow@@UAAXHABVQPixmap@@@Z 00020e00 f   pictureflow.obj
 0001:0000fee0       ?setSlideCaption@PictureFlow@@UAAXHVQString@@@Z 00020ee0 f   pictureflow.obj
 0001:0000ff54       ?setCurrentSlide@PictureFlow@@QAAXH@Z 00020f54 f   pictureflow.obj
 0001:0000ffd0       ?showPrevious@PictureFlow@@QAAXXZ 00020fd0 f   pictureflow.obj
 0001:00010050       ?showNext@PictureFlow@@QAAXXZ 00021050 f   pictureflow.obj
 0001:000100d8       ?keyPressEvent@PictureFlow@@MAAXPAVQKeyEvent@@@Z 000210d8 f   pictureflow.obj
 0001:00010264       ?mouseMoveEvent@PictureFlow@@MAAXPAVQMouseEvent@@@Z 00021264 f   pictureflow.obj
 0001:0001045c       ?mousePressEvent@PictureFlow@@MAAXPAVQMouseEvent@@@Z 0002145c f   pictureflow.obj
 0001:000104ec       ?mouseReleaseEvent@PictureFlow@@MAAXPAVQMouseEvent@@@Z 000214ec f   pictureflow.obj
 0001:0001064c       ?paintEvent@PictureFlow@@MAAXPAVQPaintEvent@@@Z 0002164c f   pictureflow.obj
 0001:000106d8       ?resizeEvent@PictureFlow@@MAAXPAVQResizeEvent@@@Z 000216d8 f   pictureflow.obj
 0001:0001074c       ?timerEvent@PictureFlow@@MAAXPAVQTimerEvent@@@Z 0002174c f   pictureflow.obj
 0001:00010784       ??1?$QCache@HVQImage@@@@QAA@XZ 00021784 f i pictureflow.obj
 0001:00010820       ?free@?$QVector@VQImage@@@@AAAXPAU?$QVectorTypedData@VQImage@@@@@Z 00021820 f i pictureflow.obj
 0001:0001087c       ?clear@?$QVector@USlideInfo@@@@QAAXXZ 0002187c f i pictureflow.obj
 0001:00010938       ?insert@?$QCache@HVQImage@@@@QAA_NABHPAVQImage@@H@Z 00021938 f i pictureflow.obj
 0001:00010a10       ?remove@?$QCache@HVQImage@@@@QAA_NABH@Z 00021a10 f i pictureflow.obj
 0001:00010ae0       ?realloc@?$QVector@VQString@@@@AAAXHH@Z 00021ae0 f i pictureflow.obj
 0001:00010d4c       ?realloc@?$QVector@VQImage@@@@AAAXHH@Z 00021d4c f i pictureflow.obj
 0001:00010fbc       ?realloc@?$QVector@USlideInfo@@@@AAAXHH@Z 00021fbc f i pictureflow.obj
 0001:0001117c       ?realloc@?$QVector@J@@AAAXHH@Z 0002217c f i pictureflow.obj
 0001:0001130c       ?trim@?$QCache@HVQImage@@@@AAAXH@Z 0002230c f i pictureflow.obj
 0001:000113dc       ?clear@?$QHash@HUNode@?$QCache@HVQImage@@@@@@QAAXXZ 000223dc f i pictureflow.obj
 0001:000114a0       ?remove@?$QHash@HUNode@?$QCache@HVQImage@@@@@@QAAHABH@Z 000224a0 f i pictureflow.obj
 0001:000115c8       ?find@?$QHash@HUNode@?$QCache@HVQImage@@@@@@QAA?AViterator@1@ABH@Z 000225c8 f i pictureflow.obj
 0001:000116f8       ?insert@?$QHash@HUNode@?$QCache@HVQImage@@@@@@QAA?AViterator@1@ABHABUNode@?$QCache@HVQImage@@@@@Z 000226f8 f i pictureflow.obj
 0001:000118ac       ?findNode@?$QHash@HUNode@?$QCache@HVQImage@@@@@@ABAPAPAU?$QHashNode@HUNode@?$QCache@HVQImage@@@@@@ABHPAI@Z 000228ac f i pictureflow.obj
 0001:00011940       ?deleteNode2@?$QHash@HUNode@?$QCache@HVQImage@@@@@@CAXPAUNode@QHashData@@@Z 00022940 f i pictureflow.obj
 0001:00011944       ?relink@?$QCache@HVQImage@@@@AAAPAVQImage@@ABH@Z 00022944 f i pictureflow.obj
 0001:000119f0       ?detach@?$QHash@HUNode@?$QCache@HVQImage@@@@@@QAAXXZ 000229f0 f i pictureflow.obj
 0001:00011a90       ?detach_helper@?$QHash@HUNode@?$QCache@HVQImage@@@@@@AAAXXZ 00022a90 f i pictureflow.obj
 0001:00011b18       ?duplicateNode@?$QHash@HUNode@?$QCache@HVQImage@@@@@@CAXPAUNode@QHashData@@PAX@Z 00022b18 f i pictureflow.obj
 0001:00011b4c       ??_EPictureFlow@@W7AAPAXI@Z 00022b4c f i pictureflow.obj
 0001:00011b54       ??1Icon@common@@QAA@XZ     00022b54 f i datetimewidget.obj
 0001:00011b9c       ??_EFormatSwitch@Settings@@UAAPAXI@Z 00022b9c f i  CIL library: CIL module
 0001:00011b9c       ??_GFormatSwitch@Settings@@UAAPAXI@Z 00022b9c f i datetimewidget.obj
 0001:00011bd0       ?init@FormatSwitch@Settings@@QAAXXZ 00022bd0 f   datetimewidget.obj
 0001:00011da4       ?sizeHint@FormatSwitch@Settings@@UBA?AVQSize@@XZ 00022da4 f   datetimewidget.obj
 0001:00011e68       ?mouseReleaseEvent@FormatSwitch@Settings@@MAAXPAVQMouseEvent@@@Z 00022e68 f   datetimewidget.obj
 0001:00011ec4       ?timerEvent@FormatSwitch@Settings@@MAAXPAVQTimerEvent@@@Z 00022ec4 f   datetimewidget.obj
 0001:00012028       ?paintEvent@FormatSwitch@Settings@@MAAXPAVQPaintEvent@@@Z 00023028 f   datetimewidget.obj
 0001:00012184       ??_EDatetimeWidget@Settings@@UAAPAXI@Z 00023184 f i  CIL library: CIL module
 0001:00012184       ??_GDatetimeWidget@Settings@@UAAPAXI@Z 00023184 f i datetimewidget.obj
 0001:000121d0       ?init@DatetimeWidget@Settings@@IAAXXZ 000231d0 f   datetimewidget.obj
 0001:000131d0       ?onIncYear@DatetimeWidget@Settings@@IAAXXZ 000241d0 f   datetimewidget.obj
 0001:000132ec       ?onDecYear@DatetimeWidget@Settings@@IAAXXZ 000242ec f   datetimewidget.obj
 0001:00013408       ?onIncMonth@DatetimeWidget@Settings@@IAAXXZ 00024408 f   datetimewidget.obj
 0001:00013564       ?onDecMonth@DatetimeWidget@Settings@@IAAXXZ 00024564 f   datetimewidget.obj
 0001:000136c0       ?onIncDay@DatetimeWidget@Settings@@IAAXXZ 000246c0 f   datetimewidget.obj
 0001:0001386c       ?onDecDay@DatetimeWidget@Settings@@IAAXXZ 0002486c f   datetimewidget.obj
 0001:000139f4       ?onIncHour@DatetimeWidget@Settings@@IAAXXZ 000249f4 f   datetimewidget.obj
 0001:00013b54       ?onDecHour@DatetimeWidget@Settings@@IAAXXZ 00024b54 f   datetimewidget.obj
 0001:00013cb8       ?onIncMinute@DatetimeWidget@Settings@@IAAXXZ 00024cb8 f   datetimewidget.obj
 0001:00013e18       ?onDecMinute@DatetimeWidget@Settings@@IAAXXZ 00024e18 f   datetimewidget.obj
 0001:00013f78       ?onTimeFormatChanged@DatetimeWidget@Settings@@IAAX_N@Z 00024f78 f   datetimewidget.obj
 0001:00014114       ?onSave@DatetimeWidget@Settings@@IAAXXZ 00025114 f   datetimewidget.obj
 0001:000142a4       ?timerEvent@DatetimeWidget@Settings@@MAAXPAVQTimerEvent@@@Z 000252a4 f   datetimewidget.obj
 0001:000142bc       ?showEvent@DatetimeWidget@Settings@@MAAXPAVQShowEvent@@@Z 000252bc f   datetimewidget.obj
 0001:000142ec       ?hideEvent@DatetimeWidget@Settings@@MAAXPAVQHideEvent@@@Z 000252ec f   datetimewidget.obj
 0001:00014314       ?paintEvent@DatetimeWidget@Settings@@MAAXPAVQPaintEvent@@@Z 00025314 f   datetimewidget.obj
 0001:00014f38       ?deleteNode2@?$QHash@W4Mode@Icon@common@@VQString@@@@CAXPAUNode@QHashData@@@Z 00025f38 f i datetimewidget.obj
 0001:00014f54       ??_EDatetimeWidget@Settings@@W7AAPAXI@Z 00025f54 f i datetimewidget.obj
 0001:00014f5c       ??_EFormatSwitch@Settings@@W7AAPAXI@Z 00025f5c f i datetimewidget.obj
 0001:00014f64       ??0Button@?A0xd69e84ac@@QAA@PAVQWidget@@@Z 00025f64 f i comfirmbox.obj
 0001:0001509c       ?paintEvent@Button@?A0xd69e84ac@@MAAXPAVQPaintEvent@@@Z 0002609c f i comfirmbox.obj
 0001:00015318       ??_GButton@?A0xd69e84ac@@UAAPAXI@Z 00026318 f i comfirmbox.obj
 0001:00015318       ??_EButton@?A0xd69e84ac@@UAAPAXI@Z 00026318 f i  CIL library: CIL module
 0001:0001534c       ??_EComfirmBox@Settings@@UAAPAXI@Z 0002634c f i  CIL library: CIL module
 0001:0001534c       ??_GComfirmBox@Settings@@UAAPAXI@Z 0002634c f i comfirmbox.obj
 0001:000153a8       ?init@ComfirmBox@Settings@@IAAXXZ 000263a8 f   comfirmbox.obj
 0001:000157ac       ?paintEvent@ComfirmBox@Settings@@MAAXPAVQPaintEvent@@@Z 000267ac f   comfirmbox.obj
 0001:00015930       ??_EComfirmBox@Settings@@W7AAPAXI@Z 00026930 f i comfirmbox.obj
 0001:00015938       ??_EButton@?A0xd69e84ac@@W7AAPAXI@Z 00026938 f i comfirmbox.obj
 0001:00015940       ??_EResetWidget@Settings@@UAAPAXI@Z 00026940 f i  CIL library: CIL module
 0001:00015940       ??_GResetWidget@Settings@@UAAPAXI@Z 00026940 f i resetwidget.obj
 0001:00015974       ?init@ResetWidget@Settings@@IAAXXZ 00026974 f   resetwidget.obj
 0001:00015b4c       ?onAccept@ResetWidget@Settings@@IAAXXZ 00026b4c f   resetwidget.obj
 0001:00015c38       ??_EResetWidget@Settings@@W7AAPAXI@Z 00026c38 f i resetwidget.obj
 0001:00015c40       ??_ECalibraWidget@Settings@@UAAPAXI@Z 00026c40 f i  CIL library: CIL module
 0001:00015c40       ??_GCalibraWidget@Settings@@UAAPAXI@Z 00026c40 f i calibrawidget.obj
 0001:00015c74       ?init@CalibraWidget@Settings@@IAAXXZ 00026c74 f   calibrawidget.obj
 0001:00015e3c       ?onAccept@CalibraWidget@Settings@@IAAXXZ 00026e3c f   calibrawidget.obj
 0001:00015eec       ??_ECalibraWidget@Settings@@W7AAPAXI@Z 00026eec f i calibrawidget.obj
 0001:00015ef4       ??0WheelKeyWidget@Settings@@QAA@PAVQWidget@@@Z 00026ef4 f   wheelkeywidget.obj
 0001:00015fbc       ??_GWheelKeyWidget@Settings@@UAAPAXI@Z 00026fbc f i wheelkeywidget.obj
 0001:00015fbc       ??_EWheelKeyWidget@Settings@@UAAPAXI@Z 00026fbc f i  CIL library: CIL module
 0001:0001605c       ?init@WheelKeyWidget@Settings@@IAAXXZ 0002705c f   wheelkeywidget.obj
 0001:00016620       ?buildKeymap@WheelKeyWidget@Settings@@IAAXXZ 00027620 f   wheelkeywidget.obj
 0001:0001789c       ?setModel@WheelKeyWidget@Settings@@QAAXPAVQAbstractItemModel@@@Z 0002889c f   wheelkeywidget.obj
 0001:000179d8       ?paintEvent@WheelKeyWidget@Settings@@MAAXPAVQPaintEvent@@@Z 000289d8 f   wheelkeywidget.obj
 0001:00017dd8       ?changeEvent@WheelKeyWidget@Settings@@MAAXPAVQEvent@@@Z 00028dd8 f   wheelkeywidget.obj
 0001:00017e08       ?retranslateUi@WheelKeyWidget@Settings@@IAAXXZ 00028e08 f   wheelkeywidget.obj
 0001:00017f64       ?handleMsg@WheelKeyWidget@Settings@@QAA_NPAUtagMSG@@@Z 00028f64 f   wheelkeywidget.obj
 0001:00018224       ?onStart@WheelKeyWidget@Settings@@IAAXXZ 00029224 f   wheelkeywidget.obj
 0001:000182ec       ?onFinish@WheelKeyWidget@Settings@@IAAXXZ 000292ec f   wheelkeywidget.obj
 0001:00018478       ?onSelected@WheelKeyWidget@Settings@@IAAXABVQModelIndex@@@Z 00029478 f   wheelkeywidget.obj
 0001:00018598       ?insert@?$QHash@VQString@@W4KEY@@@@QAA?AViterator@1@ABVQString@@ABW4KEY@@@Z 00029598 f i wheelkeywidget.obj
 0001:00018724       ?findNode@?$QHash@VQString@@W4KEY@@@@ABAPAPAU?$QHashNode@VQString@@W4KEY@@@@ABVQString@@PAI@Z 00029724 f i wheelkeywidget.obj
 0001:000187e8       ?deleteNode2@?$QHash@VQString@@W4KEY@@@@CAXPAUNode@QHashData@@@Z 000297e8 f i wheelkeywidget.obj
 0001:00018804       ?duplicateNode@?$QHash@VQString@@W4KEY@@@@CAXPAUNode@QHashData@@PAX@Z 00029804 f i wheelkeywidget.obj
 0001:00018838       ??_EWheelKeyWidget@Settings@@W7AAPAXI@Z 00029838 f i wheelkeywidget.obj
 0001:00018840       ?init@translation@Settings@@YAXXZ 00029840 f   translation.obj
 0001:0001a00c       ?translate@translation@Settings@@YA?AVQString@@ABV3@@Z 0002b00c f   translation.obj
 0001:0001a124       ?insert@?$QHash@VQString@@V1@@@QAA?AViterator@1@ABVQString@@0@Z 0002b124 f i translation.obj
 0001:0001a1ec       ?detach@?$QHash@VQString@@V1@@@QAAXXZ 0002b1ec f i translation.obj
 0001:0001a290       ?findNode@?$QHash@VQString@@V1@@@ABAPAPAU?$QHashNode@VQString@@V1@@@ABVQString@@PAI@Z 0002b290 f i translation.obj
 0001:0001a358       ?createNode@?$QHash@VQString@@V1@@@AAAPAU?$QHashNode@VQString@@V1@@@IABVQString@@0PAPAU2@@Z 0002b358 f i translation.obj
 0001:0001a3f8       ?deleteNode2@?$QHash@VQString@@V1@@@CAXPAUNode@QHashData@@@Z 0002b3f8 f i translation.obj
 0001:0001a428       ?duplicateNode@?$QHash@VQString@@V1@@@CAXPAUNode@QHashData@@PAX@Z 0002b428 f i translation.obj
 0001:0001a480       ?scrollStop@Flickable@Settings@@MAAXXZ 0002b480 f i flickable.obj
 0001:0001a4a0       ?timerEvent@FlickableTicker@Settings@@MAAXPAVQTimerEvent@@@Z 0002b4a0 f i flickable.obj
 0001:0001a4a8       ??_EFlickableTicker@Settings@@UAAPAXI@Z 0002b4a8 f i  CIL library: CIL module
 0001:0001a4a8       ??_GFlickableTicker@Settings@@UAAPAXI@Z 0002b4a8 f i flickable.obj
 0001:0001a4fc       ??0Flickable@Settings@@QAA@XZ 0002b4fc f   flickable.obj
 0001:0001a63c       ??_GFlickable@Settings@@UAAPAXI@Z 0002b63c f i flickable.obj
 0001:0001a63c       ??_EFlickable@Settings@@UAAPAXI@Z 0002b63c f i  CIL library: CIL module
 0001:0001a808       ?handleMousePress@Flickable@Settings@@QAAXPAVQMouseEvent@@@Z 0002b808 f   flickable.obj
 0001:0001a944       ?handleMouseRelease@Flickable@Settings@@QAAXPAVQMouseEvent@@@Z 0002b944 f   flickable.obj
 0001:0001acb4       ??_GQMouseEvent@@UAAPAXI@Z 0002bcb4 f i flickable.obj
 0001:0001acb4       ??_EQMouseEvent@@UAAPAXI@Z 0002bcb4 f i  CIL library: CIL module
 0001:0001ace8       ?handleMouseMove@Flickable@Settings@@QAAXPAVQMouseEvent@@@Z 0002bce8 f   flickable.obj
 0001:0001af04       ?tick@Flickable@Settings@@AAAXXZ 0002bf04 f   flickable.obj
 0001:0001b028       ??6?$QList@PAVQEvent@@@@QAAAAV0@ABQAVQEvent@@@Z 0002c028 f i flickable.obj
 0001:0001b078       ?removeAll@?$QList@PAVQEvent@@@@QAAHABQAVQEvent@@@Z 0002c078 f i flickable.obj
 0001:0001b130       ?detach_helper@?$QList@PAVQEvent@@@@AAAXXZ 0002c130 f i flickable.obj
 0001:0001b1ec       ?index@QEmptyListModel@Settings@@UBA?AVQModelIndex@@HHABV3@@Z 0002c1ec f i keyview.obj
 0001:0001b20c       ?parent@QEmptyListModel@Settings@@UBA?AVQModelIndex@@ABV3@@Z 0002c20c f i keyview.obj
 0001:0001b240       ?rowCount@QEmptyListModel@Settings@@UBAHABVQModelIndex@@@Z 0002c240 f i keyview.obj
 0001:0001b260       ?columnCount@QEmptyListModel@Settings@@UBAHABVQModelIndex@@@Z 0002c260 f i keyview.obj
 0001:0001b280       ?hasChildren@QEmptyListModel@Settings@@UBA_NABVQModelIndex@@@Z 0002c280 f i keyview.obj
 0001:0001b288       ?data@QEmptyListModel@Settings@@UBA?AVQVariant@@ABVQModelIndex@@H@Z 0002c288 f i keyview.obj
 0001:0001b2ac       ??_EQEmptyListModel@Settings@@UAAPAXI@Z 0002c2ac f i  CIL library: CIL module
 0001:0001b2ac       ??_GQEmptyListModel@Settings@@UAAPAXI@Z 0002c2ac f i keyview.obj
 0001:0001b3d0       ??0KeyView@Settings@@QAA@PAVQWidget@@@Z 0002c3d0 f   keyview.obj
 0001:0001b4e4       ??_EKeyView@Settings@@UAAPAXI@Z 0002c4e4 f i  CIL library: CIL module
 0001:0001b4e4       ??_GKeyView@Settings@@UAAPAXI@Z 0002c4e4 f i keyview.obj
 0001:0001b50c       ??1KeyView@Settings@@UAA@XZ 0002c50c f i keyview.obj
 0001:0001b614       ?init@KeyView@Settings@@QAAXXZ 0002c614 f   keyview.obj
 0001:0001b7bc       ?scrollOffset@KeyView@Settings@@MBA?AVQPoint@@XZ 0002c7bc f   keyview.obj
 0001:0001b7d0       ?setScrollOffset@KeyView@Settings@@MAAXABVQPoint@@@Z 0002c7d0 f   keyview.obj
 0001:0001b894       ?setModel@KeyView@Settings@@QAAXPAVQAbstractItemModel@@@Z 0002c894 f   keyview.obj
 0001:0001baa4       ?mousePressEvent@KeyView@Settings@@MAAXPAVQMouseEvent@@@Z 0002caa4 f   keyview.obj
 0001:0001bbf4       ?mouseMoveEvent@KeyView@Settings@@MAAXPAVQMouseEvent@@@Z 0002cbf4 f   keyview.obj
 0001:0001bc4c       ?mouseReleaseEvent@KeyView@Settings@@MAAXPAVQMouseEvent@@@Z 0002cc4c f   keyview.obj
 0001:0001bdd4       ?render@KeyView@Settings@@IAAXXZ 0002cdd4 f   keyview.obj
 0001:0001c47c       ?paintEvent@KeyView@Settings@@MAAXPAVQPaintEvent@@@Z 0002d47c f   keyview.obj
 0001:0001c544       ?reset@KeyView@Settings@@QAAXXZ 0002d544 f   keyview.obj
 0001:0001c5e0       ?dataChanged@KeyView@Settings@@IAAXABVQModelIndex@@0@Z 0002d5e0 f   keyview.obj
 0001:0001c704       ?resizeEvent@KeyView@Settings@@MAAXPAVQResizeEvent@@@Z 0002d704 f   keyview.obj
 0001:0001c85c       ?changeEvent@KeyView@Settings@@MAAXPAVQEvent@@@Z 0002d85c f   keyview.obj
 0001:0001c890       ??_EKeyView@Settings@@W7AAPAXI@Z 0002d890 f i keyview.obj
 0001:0001c898       ??_EKeyView@Settings@@WBE@AAPAXI@Z 0002d898 f i keyview.obj
 0001:0001c8a0       ??_EArthurStyle@Settings@@UAAPAXI@Z 0002d8a0 f i  CIL library: CIL module
 0001:0001c8a0       ??_GArthurStyle@Settings@@UAAPAXI@Z 0002d8a0 f i slider.obj
 0001:0001c8d4       ?drawComplexControl@ArthurStyle@Settings@@UBAXW4ComplexControl@QStyle@@PBVQStyleOptionComplex@@PAVQPainter@@PBVQWidget@@@Z 0002d8d4 f   slider.obj
 0001:0001cb7c       ?subControlRect@ArthurStyle@Settings@@UBA?AVQRect@@W4ComplexControl@QStyle@@PBVQStyleOptionComplex@@W4SubControl@5@PBVQWidget@@@Z 0002db7c f   slider.obj
 0001:0001cc08       ?sizeFromContents@ArthurStyle@Settings@@UBA?AVQSize@@W4ContentsType@QStyle@@PBVQStyleOption@@ABV3@PBVQWidget@@@Z 0002dc08 f   slider.obj
 0001:0001cc54       ?pixelMetric@ArthurStyle@Settings@@UBAHW4PixelMetric@QStyle@@PBVQStyleOption@@PBVQWidget@@@Z 0002dc54 f   slider.obj
 0001:0001cc84       ??0SliderWidget@Settings@@QAA@PAVQWidget@@@Z 0002dc84 f   slider.obj
 0001:0001d06c       ??_GSliderWidget@Settings@@UAAPAXI@Z 0002e06c f i slider.obj
 0001:0001d06c       ??_ESliderWidget@Settings@@UAAPAXI@Z 0002e06c f i  CIL library: CIL module
 0001:0001d0dc       ??_EQSlider@@UAAPAXI@Z     0002e0dc f i  CIL library: CIL module
 0001:0001d0dc       ??_GQSlider@@UAAPAXI@Z     0002e0dc f i slider.obj
 0001:0001d110       ??_GQLabel@@UAAPAXI@Z      0002e110 f i slider.obj
 0001:0001d110       ??_EQLabel@@UAAPAXI@Z      0002e110 f i  CIL library: CIL module
 0001:0001d144       ?setValue@SliderWidget@Settings@@UAAXABVQVariant@@@Z 0002e144 f   slider.obj
 0001:0001d1d8       ?value@SliderWidget@Settings@@UBA?AVQVariant@@XZ 0002e1d8 f   slider.obj
 0001:0001d214       ?sizeHint@SliderWidget@Settings@@UBA?AVQSize@@XZ 0002e214 f   slider.obj
 0001:0001d24c       ??_EQSlider@@W7AAPAXI@Z    0002e24c f i slider.obj
 0001:0001d254       ??_ESliderWidget@Settings@@W7AAPAXI@Z 0002e254 f i slider.obj
 0001:0001d25c       ??_EQLabel@@W7AAPAXI@Z     0002e25c f i slider.obj
 0001:0001d264       ??0VSpinBox@Settings@@QAA@PAVQWidget@@@Z 0002e264 f   numberpicker.obj
 0001:0001d854       ??_GVSpinBox@Settings@@UAAPAXI@Z 0002e854 f i numberpicker.obj
 0001:0001d854       ??_EVSpinBox@Settings@@UAAPAXI@Z 0002e854 f i  CIL library: CIL module
 0001:0001d890       ?paintEvent@VSpinBox@Settings@@MAAXPAVQPaintEvent@@@Z 0002e890 f   numberpicker.obj
 0001:0001da10       ??0NumberPicker@Settings@@QAA@PAVQWidget@@@Z 0002ea10 f   numberpicker.obj
 0001:0001e394       ??_GNumberPicker@Settings@@UAAPAXI@Z 0002f394 f i numberpicker.obj
 0001:0001e394       ??_ENumberPicker@Settings@@UAAPAXI@Z 0002f394 f i  CIL library: CIL module
 0001:0001e3c8       ?sizeHint@NumberPicker@Settings@@UBA?AVQSize@@XZ 0002f3c8 f   numberpicker.obj
 0001:0001e400       ?value@NumberPicker@Settings@@UBA?AVQVariant@@XZ 0002f400 f   numberpicker.obj
 0001:0001e484       ?setValue@NumberPicker@Settings@@UAAXABVQVariant@@@Z 0002f484 f   numberpicker.obj
 0001:0001e520       ?mousePressEvent@NumberPicker@Settings@@MAAXPAVQMouseEvent@@@Z 0002f520 f   numberpicker.obj
 0001:0001e540       ?mouseMoveEvent@NumberPicker@Settings@@MAAXPAVQMouseEvent@@@Z 0002f540 f   numberpicker.obj
 0001:0001e560       ?mouseReleaseEvent@NumberPicker@Settings@@MAAXPAVQMouseEvent@@@Z 0002f560 f   numberpicker.obj
 0001:0001e570       ??_EVSpinBox@Settings@@W7AAPAXI@Z 0002f570 f i numberpicker.obj
 0001:0001e578       ??_ENumberPicker@Settings@@W7AAPAXI@Z 0002f578 f i numberpicker.obj
 0001:0001e580       ?metaObject@ListView@Settings@@UBAPBUQMetaObject@@XZ 0002f580 f   moc_listview.obj
 0001:0001e59c       ?qt_metacast@ListView@Settings@@UAAPAXPBD@Z 0002f59c f   moc_listview.obj
 0001:0001e5e4       ?qt_metacall@ListView@Settings@@UAAHW4Call@QMetaObject@@HPAPAX@Z 0002f5e4 f   moc_listview.obj
 0001:0001e6e0       ?selected@ListView@Settings@@IAAXABVQModelIndex@@@Z 0002f6e0 f   moc_listview.obj
 0001:0001e724       ?metaObject@Window@Settings@@UBAPBUQMetaObject@@XZ 0002f724 f   moc_window.obj
 0001:0001e740       ?qt_metacast@Window@Settings@@UAAPAXPBD@Z 0002f740 f   moc_window.obj
 0001:0001e7a8       ?qt_metacall@Window@Settings@@UAAHW4Call@QMetaObject@@HPAPAX@Z 0002f7a8 f   moc_window.obj
 0001:0001e928       ?metaObject@SettingModel@Settings@@UBAPBUQMetaObject@@XZ 0002f928 f   moc_settingmodel.obj
 0001:0001e944       ?qt_metacast@SettingModel@Settings@@UAAPAXPBD@Z 0002f944 f   moc_settingmodel.obj
 0001:0001e98c       ?qt_metacall@SettingModel@Settings@@UAAHW4Call@QMetaObject@@HPAPAX@Z 0002f98c f   moc_settingmodel.obj
 0001:0001e9a8       ?metaObject@WalkModel@Settings@@UBAPBUQMetaObject@@XZ 0002f9a8 f   moc_settingmodel.obj
 0001:0001e9c4       ?qt_metacast@WalkModel@Settings@@UAAPAXPBD@Z 0002f9c4 f   moc_settingmodel.obj
 0001:0001ea0c       ?qt_metacall@WalkModel@Settings@@UAAHW4Call@QMetaObject@@HPAPAX@Z 0002fa0c f   moc_settingmodel.obj
 0001:0001ea28       ?metaObject@VersionModel@Settings@@UBAPBUQMetaObject@@XZ 0002fa28 f   moc_settingmodel.obj
 0001:0001ea44       ?qt_metacast@VersionModel@Settings@@UAAPAXPBD@Z 0002fa44 f   moc_settingmodel.obj
 0001:0001ea8c       ?qt_metacall@VersionModel@Settings@@UAAHW4Call@QMetaObject@@HPAPAX@Z 0002fa8c f   moc_settingmodel.obj
 0001:0001eaa8       ?metaObject@FindNaviThread@Settings@@UBAPBUQMetaObject@@XZ 0002faa8 f   moc_settingmodel.obj
 0001:0001eac4       ?qt_metacast@FindNaviThread@Settings@@UAAPAXPBD@Z 0002fac4 f   moc_settingmodel.obj
 0001:0001eb0c       ?qt_metacall@FindNaviThread@Settings@@UAAHW4Call@QMetaObject@@HPAPAX@Z 0002fb0c f   moc_settingmodel.obj
 0001:0001eb28       ?metaObject@NaviPathModel@Settings@@UBAPBUQMetaObject@@XZ 0002fb28 f   moc_settingmodel.obj
 0001:0001eb44       ?qt_metacast@NaviPathModel@Settings@@UAAPAXPBD@Z 0002fb44 f   moc_settingmodel.obj
 0001:0001eb8c       ?qt_metacall@NaviPathModel@Settings@@UAAHW4Call@QMetaObject@@HPAPAX@Z 0002fb8c f   moc_settingmodel.obj
 0001:0001ebd4       ?metaObject@SlideSwitch@Settings@@UBAPBUQMetaObject@@XZ 0002fbd4 f   moc_slideswitch.obj
 0001:0001ebf0       ?qt_metacast@SlideSwitch@Settings@@UAAPAXPBD@Z 0002fbf0 f   moc_slideswitch.obj
 0001:0001ec58       ?qt_metacall@SlideSwitch@Settings@@UAAHW4Call@QMetaObject@@HPAPAX@Z 0002fc58 f   moc_slideswitch.obj
 0001:0001ed18       ?metaObject@PageFactory@Settings@@UBAPBUQMetaObject@@XZ 0002fd18 f   moc_pagefactory.obj
 0001:0001ed34       ?qt_metacast@PageFactory@Settings@@UAAPAXPBD@Z 0002fd34 f   moc_pagefactory.obj
 0001:0001ed7c       ?qt_metacall@PageFactory@Settings@@UAAHW4Call@QMetaObject@@HPAPAX@Z 0002fd7c f   moc_pagefactory.obj
 0001:0001ed98       ?metaObject@WallpaperWidget@Settings@@UBAPBUQMetaObject@@XZ 0002fd98 f   moc_wallpaperwidget.obj
 0001:0001edb4       ?qt_metacast@WallpaperWidget@Settings@@UAAPAXPBD@Z 0002fdb4 f   moc_wallpaperwidget.obj
 0001:0001edfc       ?qt_metacall@WallpaperWidget@Settings@@UAAHW4Call@QMetaObject@@HPAPAX@Z 0002fdfc f   moc_wallpaperwidget.obj
 0001:0001ee6c       ?metaObject@LoadImgThread@Settings@@UBAPBUQMetaObject@@XZ 0002fe6c f   moc_wallpaperwidget.obj
 0001:0001ee88       ?qt_metacast@LoadImgThread@Settings@@UAAPAXPBD@Z 0002fe88 f   moc_wallpaperwidget.obj
 0001:0001eed0       ?qt_metacall@LoadImgThread@Settings@@UAAHW4Call@QMetaObject@@HPAPAX@Z 0002fed0 f   moc_wallpaperwidget.obj
 0001:0001eeec       ?metaObject@PictureFlow@@UBAPBUQMetaObject@@XZ 0002feec f   moc_pictureflow.obj
 0001:0001ef08       ?qt_metacast@PictureFlow@@UAAPAXPBD@Z 0002ff08 f   moc_pictureflow.obj
 0001:0001ef50       ?qt_metacall@PictureFlow@@UAAHW4Call@QMetaObject@@HPAPAX@Z 0002ff50 f   moc_pictureflow.obj
 0001:0001f258       ?itemActivated@PictureFlow@@IAAXH@Z 00030258 f   moc_pictureflow.obj
 0001:0001f2a4       ?selected@PictureFlow@@IAAXABVQString@@@Z 000302a4 f   moc_pictureflow.obj
 0001:0001f2e8       ?metaObject@FormatSwitch@Settings@@UBAPBUQMetaObject@@XZ 000302e8 f   moc_datetimewidget.obj
 0001:0001f304       ?qt_metacast@FormatSwitch@Settings@@UAAPAXPBD@Z 00030304 f   moc_datetimewidget.obj
 0001:0001f34c       ?qt_metacall@FormatSwitch@Settings@@UAAHW4Call@QMetaObject@@HPAPAX@Z 0003034c f   moc_datetimewidget.obj
 0001:0001f3e0       ?metaObject@DatetimeWidget@Settings@@UBAPBUQMetaObject@@XZ 000303e0 f   moc_datetimewidget.obj
 0001:0001f3fc       ?qt_metacast@DatetimeWidget@Settings@@UAAPAXPBD@Z 000303fc f   moc_datetimewidget.obj
 0001:0001f444       ?qt_metacall@DatetimeWidget@Settings@@UAAHW4Call@QMetaObject@@HPAPAX@Z 00030444 f   moc_datetimewidget.obj
 0001:0001f590       ?metaObject@ComfirmBox@Settings@@UBAPBUQMetaObject@@XZ 00030590 f   moc_comfirmbox.obj
 0001:0001f5ac       ?qt_metacast@ComfirmBox@Settings@@UAAPAXPBD@Z 000305ac f   moc_comfirmbox.obj
 0001:0001f5f4       ?qt_metacall@ComfirmBox@Settings@@UAAHW4Call@QMetaObject@@HPAPAX@Z 000305f4 f   moc_comfirmbox.obj
 0001:0001f694       ?metaObject@ResetWidget@Settings@@UBAPBUQMetaObject@@XZ 00030694 f   moc_resetwidget.obj
 0001:0001f6b0       ?qt_metacast@ResetWidget@Settings@@UAAPAXPBD@Z 000306b0 f   moc_resetwidget.obj
 0001:0001f6f8       ?qt_metacall@ResetWidget@Settings@@UAAHW4Call@QMetaObject@@HPAPAX@Z 000306f8 f   moc_resetwidget.obj
 0001:0001f7c8       ?metaObject@CalibraWidget@Settings@@UBAPBUQMetaObject@@XZ 000307c8 f   moc_calibrawidget.obj
 0001:0001f7e4       ?qt_metacast@CalibraWidget@Settings@@UAAPAXPBD@Z 000307e4 f   moc_calibrawidget.obj
 0001:0001f82c       ?qt_metacall@CalibraWidget@Settings@@UAAHW4Call@QMetaObject@@HPAPAX@Z 0003082c f   moc_calibrawidget.obj
 0001:0001f8fc       ?metaObject@WheelKeyWidget@Settings@@UBAPBUQMetaObject@@XZ 000308fc f   moc_wheelkeywidget.obj
 0001:0001f918       ?qt_metacast@WheelKeyWidget@Settings@@UAAPAXPBD@Z 00030918 f   moc_wheelkeywidget.obj
 0001:0001f960       ?qt_metacall@WheelKeyWidget@Settings@@UAAHW4Call@QMetaObject@@HPAPAX@Z 00030960 f   moc_wheelkeywidget.obj
 0001:0001fa00       ?metaObject@KeyView@Settings@@UBAPBUQMetaObject@@XZ 00030a00 f   moc_keyview.obj
 0001:0001fa1c       ?qt_metacast@KeyView@Settings@@UAAPAXPBD@Z 00030a1c f   moc_keyview.obj
 0001:0001fa94       ?qt_metacall@KeyView@Settings@@UAAHW4Call@QMetaObject@@HPAPAX@Z 00030a94 f   moc_keyview.obj
 0001:0001fb68       ?selected@KeyView@Settings@@IAAXABVQModelIndex@@@Z 00030b68 f   moc_keyview.obj
 0001:0001fbac       ?metaObject@SliderWidget@Settings@@UBAPBUQMetaObject@@XZ 00030bac f   moc_slider.obj
 0001:0001fbc8       ?qt_metacast@SliderWidget@Settings@@UAAPAXPBD@Z 00030bc8 f   moc_slider.obj
 0001:0001fc30       ?qt_metacall@SliderWidget@Settings@@UAAHW4Call@QMetaObject@@HPAPAX@Z 00030c30 f   moc_slider.obj
 0001:0001fdd4       ?metaObject@VSpinBox@Settings@@UBAPBUQMetaObject@@XZ 00030dd4 f   moc_numberpicker.obj
 0001:0001fdf0       ?qt_metacast@VSpinBox@Settings@@UAAPAXPBD@Z 00030df0 f   moc_numberpicker.obj
 0001:0001fe38       ?qt_metacall@VSpinBox@Settings@@UAAHW4Call@QMetaObject@@HPAPAX@Z 00030e38 f   moc_numberpicker.obj
 0001:0001fefc       ?metaObject@NumberPicker@Settings@@UBAPBUQMetaObject@@XZ 00030efc f   moc_numberpicker.obj
 0001:0001ff18       ?qt_metacast@NumberPicker@Settings@@UAAPAXPBD@Z 00030f18 f   moc_numberpicker.obj
 0001:0001ff80       ?qt_metacall@NumberPicker@Settings@@UAAHW4Call@QMetaObject@@HPAPAX@Z 00030f80 f   moc_numberpicker.obj
 0001:000200c4       WinMain                    000310c4 f   qtmain:qtmain_win.obj
 0001:00020578       ?realloc@?$QVector@PAD@@AAAXHH@Z 00031578 f i qtmain:qtmain_win.obj
 0001:00020708       ?translatorName@CommonWindow@common@@MBA?AVQString@@XZ 00031708 f i common:commonwindow.obj
 0001:0002072c       ??0CommonWindow@common@@QAA@_N0PAVQWidget@@@Z 0003172c f   common:commonwindow.obj
 0001:00020940       ??_GCommonWindow@common@@UAAPAXI@Z 00031940 f i common:commonwindow.obj
 0001:00020940       ??_ECommonWindow@common@@UAAPAXI@Z 00031940 f i  CIL library: CIL module
 0001:000209c0       ?setCenterWidget@CommonWindow@common@@QAAXPAVQWidget@@_N1@Z 000319c0 f   common:commonwindow.obj
 0001:00020a8c       ?createTitleBar@CommonWindow@common@@MAAXXZ 00031a8c f   common:commonwindow.obj
 0001:00020ac0       ?createToolbar@CommonWindow@common@@MAAXXZ 00031ac0 f   common:commonwindow.obj
 0001:00020b24       ?setWallpaper@CommonWindow@common@@MAAXABVQPixmap@@@Z 00031b24 f   common:commonwindow.obj
 0001:00020c58       ?event@CommonWindow@common@@MAA_NPAVQEvent@@@Z 00031c58 f   common:commonwindow.obj
 0001:00020edc       ?winEvent@CommonWindow@common@@MAA_NPAUtagMSG@@PAJ@Z 00031edc f   common:commonwindow.obj
 0001:000211cc       ?eventFilter@CommonWindow@common@@MAA_NPAVQObject@@PAVQEvent@@@Z 000321cc f   common:commonwindow.obj
 0001:00021270       ?installTranslator@CommonWindow@common@@IAAXXZ 00032270 f   common:commonwindow.obj
 0001:00021528       ??_EQTranslator@@UAAPAXI@Z 00032528 f i  CIL library: CIL module
 0001:00021528       ??_GQTranslator@@UAAPAXI@Z 00032528 f i common:commonwindow.obj
 0001:0002155c       ??_ECommonWindow@common@@W7AAPAXI@Z 0003255c f i common:commonwindow.obj
 0001:00021564       ??0PushButtonPrivate@common@@QAA@XZ 00032564 f i common:button.obj
 0001:00021618       ?pixmap@Icon@common@@QBA_NW4Mode@12@AAVQPixmap@@@Z 00032618 f   common:button.obj
 0001:0002182c       ?size@Icon@common@@QBA?AVQSize@@W4Mode@12@@Z 0003282c f   common:button.obj
 0001:000218c8       ??0ButtonGroup@common@@QAA@PAVQObject@@@Z 000328c8 f   common:button.obj
 0001:00021988       ??_EButtonGroup@common@@UAAPAXI@Z 00032988 f i  CIL library: CIL module
 0001:00021988       ??_GButtonGroup@common@@UAAPAXI@Z 00032988 f i common:button.obj
 0001:000219b0       ??1ButtonGroup@common@@UAA@XZ 000329b0 f   common:button.obj
 0001:00021af0       ?detectCheckedButton@ButtonGroupPrivate@common@@QAAXXZ 00032af0 f   common:button.obj
 0001:00021bb0       ?queryButtonList@AbstractButtonPrivate@common@@QBA?AV?$QList@PAVAbstractButton@common@@@@XZ 00032bb0 f   common:button.obj
 0001:00021dbc       ?queryCheckedButton@AbstractButtonPrivate@common@@QBAPAVAbstractButton@2@XZ 00032dbc f   common:button.obj
 0001:00021f50       ?notifyChecked@AbstractButtonPrivate@common@@QAAXXZ 00032f50 f   common:button.obj
 0001:00021fec       ?fixFocusPolicy@AbstractButtonPrivate@common@@QAAXXZ 00032fec f   common:button.obj
 0001:00022114       ?init@AbstractButtonPrivate@common@@QAAXXZ 00033114 f   common:button.obj
 0001:00022204       ?click@AbstractButtonPrivate@common@@QAAXXZ 00033204 f   common:button.obj
 0001:00022348       ?emitClicked@AbstractButtonPrivate@common@@QAAXXZ 00033348 f   common:button.obj
 0001:00022478       ?emitPressed@AbstractButtonPrivate@common@@QAAXXZ 00033478 f   common:button.obj
 0001:00022588       ?emitReleased@AbstractButtonPrivate@common@@QAAXXZ 00033588 f   common:button.obj
 0001:00022698       ?emitLongPressed@AbstractButtonPrivate@common@@QAAXXZ 00033698 f   common:button.obj
 0001:000227a8       ??_EAbstractButton@common@@UAAPAXI@Z 000337a8 f i  CIL library: CIL module
 0001:000227a8       ??_GAbstractButton@common@@UAAPAXI@Z 000337a8 f i common:button.obj
 0001:000227d0       ??1AbstractButton@common@@UAA@XZ 000337d0 f   common:button.obj
 0001:00022894       ?setText@AbstractButton@common@@QAAXABVQString@@@Z 00033894 f   common:button.obj
 0001:00022910       ?setIcon@AbstractButton@common@@QAAXABVIcon@2@@Z 00033910 f   common:button.obj
 0001:000229d4       ??4Icon@common@@QAAAAV01@ABV01@@Z 000339d4 f i common:button.obj
 0001:00022a64       ?setChecked@AbstractButton@common@@QAAX_N@Z 00033a64 f   common:button.obj
 0001:00022be8       ?setDown@AbstractButton@common@@QAAX_N@Z 00033be8 f   common:button.obj
 0001:00022c8c       ?setAutoRepeat@AbstractButton@common@@QAAX_N@Z 00033c8c f   common:button.obj
 0001:00022d14       ?click@AbstractButton@common@@QAAXXZ 00033d14 f   common:button.obj
 0001:00022de0       ?checkStateSet@AbstractButton@common@@MAAXXZ 00033de0 f   common:button.obj
 0001:00022de4       ?nextCheckState@AbstractButton@common@@MAAXXZ 00033de4 f   common:button.obj
 0001:00022e14       ?hitButton@AbstractButton@common@@MBA_NABVQPoint@@@Z 00033e14 f   common:button.obj
 0001:00022e54       ?event@AbstractButton@common@@MAA_NPAVQEvent@@@Z 00033e54 f   common:button.obj
 0001:00022ee0       ?mousePressEvent@AbstractButton@common@@MAAXPAVQMouseEvent@@@Z 00033ee0 f   common:button.obj
 0001:00022fac       ?mouseReleaseEvent@AbstractButton@common@@MAAXPAVQMouseEvent@@@Z 00033fac f   common:button.obj
 0001:000230c4       ?mouseMoveEvent@AbstractButton@common@@MAAXPAVQMouseEvent@@@Z 000340c4 f   common:button.obj
 0001:000231f0       ?keyPressEvent@AbstractButton@common@@MAAXPAVQKeyEvent@@@Z 000341f0 f   common:button.obj
 0001:000232d8       ?keyReleaseEvent@AbstractButton@common@@MAAXPAVQKeyEvent@@@Z 000342d8 f   common:button.obj
 0001:00023360       ?timerEvent@AbstractButton@common@@MAAXPAVQTimerEvent@@@Z 00034360 f   common:button.obj
 0001:000234c4       ?focusInEvent@AbstractButton@common@@MAAXPAVQFocusEvent@@@Z 000344c4 f   common:button.obj
 0001:000234f4       ?focusOutEvent@AbstractButton@common@@MAAXPAVQFocusEvent@@@Z 000344f4 f   common:button.obj
 0001:00023548       ?changeEvent@AbstractButton@common@@MAAXPAVQEvent@@@Z 00034548 f   common:button.obj
 0001:000235c4       ?setIconSize@AbstractButton@common@@QAAXABVQSize@@@Z 000345c4 f   common:button.obj
 0001:00023660       ??0PushButton@common@@QAA@PAVQWidget@@@Z 00034660 f   common:button.obj
 0001:00023704       ??_GPushButton@common@@UAAPAXI@Z 00034704 f i common:button.obj
 0001:00023704       ??_EPushButton@common@@UAAPAXI@Z 00034704 f i  CIL library: CIL module
 0001:00023744       ?sizeHint@PushButton@common@@UBA?AVQSize@@XZ 00034744 f   common:button.obj
 0001:00023880       ?minimumSizeHint@PushButton@common@@UBA?AVQSize@@XZ 00034880 f   common:button.obj
 0001:0002389c       ?drawBackground@PushButton@common@@MAAXPAVQPainter@@ABVQRect@@@Z 0003489c f   common:button.obj
 0001:00023990       ?drawText@PushButton@common@@MAAXPAVQPainter@@ABVQRect@@H@Z 00034990 f   common:button.obj
 0001:00023aac       ?paintEvent@PushButton@common@@MAAXPAVQPaintEvent@@@Z 00034aac f   common:button.obj
 0001:00023b54       ?event@PushButton@common@@MAA_NPAVQEvent@@@Z 00034b54 f   common:button.obj
 0001:00023c00       ?detach@?$QHash@W4Mode@Icon@common@@VQString@@@@QAAXXZ 00034c00 f i common:button.obj
 0001:00023ca0       ??_GAbstractButtonPrivate@common@@QAAPAXI@Z 00034ca0 f i common:button.obj
 0001:00023d44       ?value@?$QHash@W4Mode@Icon@common@@VQString@@@@QBA?BVQString@@ABW4Mode@Icon@common@@@Z 00034d44 f i common:button.obj
 0001:00023e0c       ?insert@?$QHash@W4Mode@Icon@common@@VQString@@@@QAA?AViterator@1@ABW4Mode@Icon@common@@ABVQString@@@Z 00034e0c f i common:button.obj
 0001:00023fac       ?detach_helper@?$QHash@W4Mode@Icon@common@@VQString@@@@AAAXXZ 00034fac f i common:button.obj
 0001:00024034       ?removeAll@?$QList@PAVAbstractButton@common@@@@QAAHABQAVAbstractButton@common@@@Z 00035034 f i common:button.obj
 0001:000240ec       ?detach_helper@?$QList@PAVAbstractButton@common@@@@AAAXXZ 000350ec f i common:button.obj
 0001:000241a8       ?remove@?$QMap@PAVAbstractButton@common@@H@@QAAHABQAVAbstractButton@common@@@Z 000351a8 f i common:button.obj
 0001:000242d8       ?findNode@?$QHash@W4Mode@Icon@common@@VQString@@@@ABAPAPAU?$QHashNode@W4Mode@Icon@common@@VQString@@@@ABW4Mode@Icon@common@@PAI@Z 000352d8 f i common:button.obj
 0001:0002435c       ?duplicateNode@?$QHash@W4Mode@Icon@common@@VQString@@@@CAXPAUNode@QHashData@@PAX@Z 0003535c f i common:button.obj
 0001:0002438c       ?detach_helper@?$QMap@PAVAbstractButton@common@@H@@AAAXXZ 0003538c f i common:button.obj
 0001:0002447c       ?findNode@?$QMap@PAVAbstractButton@common@@H@@ABAPAUNode@QMapData@@ABQAVAbstractButton@common@@@Z 0003547c f i common:button.obj
 0001:0002450c       ??_EAbstractButton@common@@W7AAPAXI@Z 0003550c f i common:button.obj
 0001:00024514       ??_EPushButton@common@@W7AAPAXI@Z 00035514 f i common:button.obj
 0001:0002451c       ?metaObject@CommonWindow@common@@UBAPBUQMetaObject@@XZ 0003551c f   common:moc_commonwindow.obj
 0001:00024538       ?qt_metacast@CommonWindow@common@@UAAPAXPBD@Z 00035538 f   common:moc_commonwindow.obj
 0001:00024580       ?qt_metacall@CommonWindow@common@@UAAHW4Call@QMetaObject@@HPAPAX@Z 00035580 f   common:moc_commonwindow.obj
 0001:0002459c       ?getPixmap@Resource@common@@SA_NABVQString@@PAVQPixmap@@@Z 0003559c f   common:resource.obj
 0001:00024690       ?imageRootPath@Resource@common@@SA?AVQString@@XZ 00035690 f   common:resource.obj
 0001:00024758       ?getWallpaper@Resource@common@@SA_NPAVQPixmap@@@Z 00035758 f   common:resource.obj
 0001:00024bd0       ?getLanguage@Resource@common@@SA?AVQString@@XZ 00035bd0 f   common:resource.obj
 0001:00024d3c       ??0Toolbar@common@@QAA@PAVQWidget@@@Z 00035d3c f   common:toolbar.obj
 0001:00024e14       ??_GToolbar@common@@UAAPAXI@Z 00035e14 f i common:toolbar.obj
 0001:00024e14       ??_EToolbar@common@@UAAPAXI@Z 00035e14 f i  CIL library: CIL module
 0001:00024e48       ??_EToolbar@common@@W7AAPAXI@Z 00035e48 f i common:toolbar.obj
 0001:00024e50       ??_GMouseCapture@common@@UAAPAXI@Z 00035e50 f i common:mousecapture.obj
 0001:00024e50       ??_EMouseCapture@common@@UAAPAXI@Z 00035e50 f i  CIL library: CIL module
 0001:00024e84       ?eventFilter@MouseCapture@common@@MAA_NPAVQObject@@PAVQEvent@@@Z 00035e84 f   common:mousecapture.obj
 0001:00025004       ??0TitleBar@common@@QAA@PAVQWidget@@@Z 00036004 f   common:titlebar.obj
 0001:000250b8       ??_ETitleBar@common@@UAAPAXI@Z 000360b8 f i  CIL library: CIL module
 0001:000250b8       ??_GTitleBar@common@@UAAPAXI@Z 000360b8 f i common:titlebar.obj
 0001:00025104       ?init@TitleBar@common@@IAAXXZ 00036104 f   common:titlebar.obj
 0001:000254e8       ?mousePressEvent@TitleBar@common@@MAAXPAVQMouseEvent@@@Z 000364e8 f   common:titlebar.obj
 0001:00025520       ?mouseReleaseEvent@TitleBar@common@@MAAXPAVQMouseEvent@@@Z 00036520 f   common:titlebar.obj
 0001:000256b8       ?paintEvent@TitleBar@common@@MAAXPAVQPaintEvent@@@Z 000366b8 f   common:titlebar.obj
 0001:00025bc8       ??_ETitleBar@common@@W7AAPAXI@Z 00036bc8 f i common:titlebar.obj
 0001:00025bd0       ?metaObject@AbstractButton@common@@UBAPBUQMetaObject@@XZ 00036bd0 f   common:moc_button.obj
 0001:00025bec       ?qt_metacast@AbstractButton@common@@UAAPAXPBD@Z 00036bec f   common:moc_button.obj
 0001:00025c34       ?qt_metacall@AbstractButton@common@@UAAHW4Call@QMetaObject@@HPAPAX@Z 00036c34 f   common:moc_button.obj
 0001:00026258       ?clicked@AbstractButton@common@@IAAX_N@Z 00037258 f   common:moc_button.obj
 0001:000262a4       ?toggled@AbstractButton@common@@IAAX_N@Z 000372a4 f   common:moc_button.obj
 0001:000262f0       ?metaObject@ButtonGroup@common@@UBAPBUQMetaObject@@XZ 000372f0 f   common:moc_button.obj
 0001:0002630c       ?qt_metacast@ButtonGroup@common@@UAAPAXPBD@Z 0003730c f   common:moc_button.obj
 0001:00026354       ?qt_metacall@ButtonGroup@common@@UAAHW4Call@QMetaObject@@HPAPAX@Z 00037354 f   common:moc_button.obj
 0001:00026518       ?buttonClicked@ButtonGroup@common@@IAAXPAVAbstractButton@2@@Z 00037518 f   common:moc_button.obj
 0001:00026564       ?buttonClicked@ButtonGroup@common@@IAAXH@Z 00037564 f   common:moc_button.obj
 0001:000265b0       ?buttonPressed@ButtonGroup@common@@IAAXPAVAbstractButton@2@@Z 000375b0 f   common:moc_button.obj
 0001:000265fc       ?buttonPressed@ButtonGroup@common@@IAAXH@Z 000375fc f   common:moc_button.obj
 0001:00026648       ?buttonReleased@ButtonGroup@common@@IAAXPAVAbstractButton@2@@Z 00037648 f   common:moc_button.obj
 0001:00026694       ?buttonReleased@ButtonGroup@common@@IAAXH@Z 00037694 f   common:moc_button.obj
 0001:000266e0       ?buttonLongPressed@ButtonGroup@common@@IAAXPAVAbstractButton@2@@Z 000376e0 f   common:moc_button.obj
 0001:0002672c       ?buttonLongPressed@ButtonGroup@common@@IAAXH@Z 0003772c f   common:moc_button.obj
 0001:00026778       ?metaObject@PushButton@common@@UBAPBUQMetaObject@@XZ 00037778 f   common:moc_button.obj
 0001:00026794       ?qt_metacast@PushButton@common@@UAAPAXPBD@Z 00037794 f   common:moc_button.obj
 0001:00026800       ?qt_metacall@PushButton@common@@UAAHW4Call@QMetaObject@@HPAPAX@Z 00037800 f   common:moc_button.obj
 0001:00026804       ?metaObject@Toolbar@common@@UBAPBUQMetaObject@@XZ 00037804 f   common:moc_toolbar.obj
 0001:00026820       ?qt_metacast@Toolbar@common@@UAAPAXPBD@Z 00037820 f   common:moc_toolbar.obj
 0001:00026868       ?qt_metacall@Toolbar@common@@UAAHW4Call@QMetaObject@@HPAPAX@Z 00037868 f   common:moc_toolbar.obj
 0001:00026950       ?metaObject@MouseCapture@common@@UBAPBUQMetaObject@@XZ 00037950 f   common:moc_mousecapture.obj
 0001:0002696c       ?qt_metacast@MouseCapture@common@@UAAPAXPBD@Z 0003796c f   common:moc_mousecapture.obj
 0001:000269b4       ?qt_metacall@MouseCapture@common@@UAAHW4Call@QMetaObject@@HPAPAX@Z 000379b4 f   common:moc_mousecapture.obj
 0001:000269d0       ?metaObject@TitleBar@common@@UBAPBUQMetaObject@@XZ 000379d0 f   common:moc_titlebar.obj
 0001:000269ec       ?qt_metacast@TitleBar@common@@UAAPAXPBD@Z 000379ec f   common:moc_titlebar.obj
 0001:00026a34       ?qt_metacall@TitleBar@common@@UAAHW4Call@QMetaObject@@HPAPAX@Z 00037a34 f   common:moc_titlebar.obj
 0001:00026acc       __security_check_cookie    00037acc f   corelibc:armsecgs.obj
 0001:00026ae0       __gsfailure                00037ae0 f   corelibc:armsecgs.obj
 0001:00026b24       ??3@YAXPAX@Z               00037b24 f   corelibc:COREDLL.dll
 0001:00026b34       ??_7type_info@@6B@         00037b34 f   corelibc:COREDLL.dll
 0001:00026b44       ??2@YAPAXI@Z               00037b44 f   corelibc:COREDLL.dll
 0001:00026b54       ?what@exception@std@@UBAPBDXZ 00037b54 f   corelibc:COREDLL.dll
 0001:00026b64       ??1exception@std@@UAA@XZ   00037b64 f   corelibc:COREDLL.dll
 0001:00026b74       ??0exception@std@@QAA@PBD@Z 00037b74 f   corelibc:COREDLL.dll
 0001:00026b84       ??0exception@std@@QAA@ABV01@@Z 00037b84 f   corelibc:COREDLL.dll
 0001:00026b94       _purecall                  00037b94 f   corelibc:COREDLL.dll
 0001:00026ba4       _onexit                    00037ba4 f   corelibc:onexit.obj
 0001:00026c74       atexit                     00037c74 f   corelibc:onexit.obj
 0001:00026d14       WinMainCRTStartup          00037d14 f   corelibc:pegwmain.obj
 0001:00026d48       __security_init_cookie     00037d48 f   corelibc:seccinit.obj
 0001:00026da4       __report_gsfailure         00037da4 f   corelibc:COREDLL.dll
 0001:00026db4       realloc                    00037db4 f   corelibc:COREDLL.dll
 0001:00026dc4       malloc                     00037dc4 f   corelibc:COREDLL.dll
 0001:00026dd4       _msize                     00037dd4 f   corelibc:COREDLL.dll
 0001:00026de4       _XcptFilter                00037de4 f   corelibc:COREDLL.dll
 0001:00026ebc       exit                       00037ebc f   corelibc:cexit.obj
 0001:00026ed4       _exit                      00037ed4 f   corelibc:cexit.obj
 0001:00026f14       _initterm                  00037f14 f   corelibc:crt0dat.obj
 0001:00026f48       _cinit                     00037f48 f   corelibc:crt0dat.obj
 0001:00026f7c       __C_specific_handler       00037f7c f   corelibc:COREDLL.dll
 0001:00026f8c       __security_gen_cookie2     00037f8c f   corelibc:COREDLL.dll
 0001:00026f9c       free                       00037f9c f   corelibc:COREDLL.dll
 0001:00026fac       RegQueryValueExW           00037fac f   coredll:COREDLL.dll
 0001:00026fbc       Sleep                      00037fbc f   coredll:COREDLL.dll
 0001:00026fcc       RegOpenKeyExW              00037fcc f   coredll:COREDLL.dll
 0001:00026fdc       CloseHandle                00037fdc f   coredll:COREDLL.dll
 0001:00026fec       SetLocalTime               00037fec f   coredll:COREDLL.dll
 0001:00026ffc       SendMessageW               00037ffc f   coredll:COREDLL.dll
 0001:0002700c       FindWindowW                0003800c f   coredll:COREDLL.dll
 0001:0002701c       GetLocalTime               0003801c f   coredll:COREDLL.dll
 0001:0002702c       RegisterWindowMessageW     0003802c f   coredll:COREDLL.dll
 0001:0002703c       FreeLibrary                0003803c f   coredll:COREDLL.dll
 0001:0002704c       LoadLibraryW               0003804c f   coredll:COREDLL.dll
 0001:0002705c       GetProcAddressW            0003805c f   coredll:COREDLL.dll
 0001:0002706c       InterlockedCompareExchange 0003806c f   coredll:COREDLL.dll
 0001:0002707c       TerminateProcess           0003807c f   coredll:COREDLL.dll
 0001:0002708c       ?mcu_key_pic@@YAXXZ        0003808c f   McuAgent:systemapi.obj
 0001:000270a0       ?mcu_sys_set_datetime@@YAXABU_SYSTEMTIME@@@Z 000380a0 f   McuAgent:systemapi.obj
 0001:000270d4       ?mcu_sys_trigger_beep@@YAXW4BEEP_TYPE@@@Z 000380d4 f   McuAgent:systemapi.obj
 0001:000270dc       ?mcu_sys_mouse_press@@YAXHH@Z 000380dc f   McuAgent:systemapi.obj
 0001:000270f8       ?mcu_sys_mouse_release@@YAXHH@Z 000380f8 f   McuAgent:systemapi.obj
 0001:00027118       ?mcu_sys_set_swc_mode@@YAX_N@Z 00038118 f   McuAgent:systemapi.obj
 0001:00027134       ?mcu_sys_set_swc_type@@YAXW4SWC_TYPE@@@Z 00038134 f   McuAgent:systemapi.obj
 0001:00027148       ?mcu_sys_set_swc_value@@YAXHW4KEY@@@Z 00038148 f   McuAgent:systemapi.obj
 0001:0002715c       ?mcu_sys_get_swc_key@@YA_NPAUtagMSG@@PAH@Z 0003815c f   McuAgent:systemapi.obj
 0001:000271a0       ?PostMsg2Mcu@@YA_NIIJ@Z    000381a0 f   McuAgent:McuAgent.obj
 0001:000271dc       ?Mpu_PostBeepStatusToMcu@@YAXE@Z 000381dc f   McuAgent:McuAgent.obj
 0001:000271f4       ?mouseCapture@AppClient@@YA_NPAUtagMSG@@PAH@Z 000381f4 f   appclient:appclient.obj
 0001:0002722c       ?intentHome@AppClient@@YAXABV?$basic_string@DU?$char_traits@D@std@@V?$allocator@D@2@@std@@@Z 0003822c f   appclient:appclient.obj
 0001:000272e4       ?intentBack@AppClient@@YAXABV?$basic_string@DU?$char_traits@D@std@@V?$allocator@D@2@@std@@@Z 000382e4 f   appclient:appclient.obj
 0001:0002739c       ?intentStart@AppClient@@YAXABV?$basic_string@DU?$char_traits@D@std@@V?$allocator@D@2@@std@@0@Z 0003839c f   appclient:appclient.obj
 0001:00027460       ?intentFactoryReset@AppClient@@YAXABV?$basic_string@DU?$char_traits@D@std@@V?$allocator@D@2@@std@@@Z 00038460 f   appclient:appclient.obj
 0001:0002750c       ?responseStarted@AppClient@@YAXABV?$basic_string@DU?$char_traits@D@std@@V?$allocator@D@2@@std@@@Z 0003850c f   appclient:appclient.obj
 0001:000275c4       ?responseClosed@AppClient@@YAXABV?$basic_string@DU?$char_traits@D@std@@V?$allocator@D@2@@std@@@Z 000385c4 f   appclient:appclient.obj
 0001:0002767c       ?responseBackgroundChanged@AppClient@@YAXABV?$basic_string@DU?$char_traits@D@std@@V?$allocator@D@2@@std@@@Z 0003867c f   appclient:appclient.obj
 0001:0002772c       ?releaseDC@QPaintDevice@@UBAXPAUHDC__@@@Z 0003872c f   QtGui4:QtGui4.dll
 0001:0002773c       ?getDC@QPaintDevice@@UBAPAUHDC__@@XZ 0003873c f   QtGui4:QtGui4.dll
 0001:0002774c       ?metric@QPixmap@@MBAHW4PaintDeviceMetric@QPaintDevice@@@Z 0003874c f   QtGui4:QtGui4.dll
 0001:0002775c       ?paintEngine@QPixmap@@UBAPAVQPaintEngine@@XZ 0003875c f   QtGui4:QtGui4.dll
 0001:0002776c       ?devType@QPixmap@@UBAHXZ   0003876c f   QtGui4:QtGui4.dll
 0001:0002777c       ?languageChange@QWidget@@MAAXXZ 0003877c f   QtGui4:QtGui4.dll
 0001:0002778c       ?windowActivationChange@QWidget@@MAAX_N@Z 0003878c f   QtGui4:QtGui4.dll
 0001:0002779c       ?fontChange@QWidget@@MAAXABVQFont@@@Z 0003879c f   QtGui4:QtGui4.dll
 0001:000277ac       ?paletteChange@QWidget@@MAAXABVQPalette@@@Z 000387ac f   QtGui4:QtGui4.dll
 0001:000277bc       ?enabledChange@QWidget@@MAAX_N@Z 000387bc f   QtGui4:QtGui4.dll
 0001:000277cc       ?styleChange@QWidget@@MAAXAAVQStyle@@@Z 000387cc f   QtGui4:QtGui4.dll
 0001:000277dc       ?focusNextPrevChild@QWidget@@MAA_N_N@Z 000387dc f   QtGui4:QtGui4.dll
 0001:000277ec       ?inputMethodQuery@QWidget@@UBA?AVQVariant@@W4InputMethodQuery@Qt@@@Z 000387ec f   QtGui4:QtGui4.dll
 0001:000277fc       ?inputMethodEvent@QWidget@@MAAXPAVQInputMethodEvent@@@Z 000387fc f   QtGui4:QtGui4.dll
 0001:0002780c       ?metric@QWidget@@MBAHW4PaintDeviceMetric@QPaintDevice@@@Z 0003880c f   QtGui4:QtGui4.dll
 0001:0002781c       ?changeEvent@QWidget@@MAAXPAVQEvent@@@Z 0003881c f   QtGui4:QtGui4.dll
 0001:0002782c       ?winEvent@QWidget@@MAA_NPAUtagMSG@@PAJ@Z 0003882c f   QtGui4:QtGui4.dll
 0001:0002783c       ?hideEvent@QWidget@@MAAXPAVQHideEvent@@@Z 0003883c f   QtGui4:QtGui4.dll
 0001:0002784c       ?showEvent@QWidget@@MAAXPAVQShowEvent@@@Z 0003884c f   QtGui4:QtGui4.dll
 0001:0002785c       ?actionEvent@QWidget@@MAAXPAVQActionEvent@@@Z 0003885c f   QtGui4:QtGui4.dll
 0001:0002786c       ?closeEvent@QWidget@@MAAXPAVQCloseEvent@@@Z 0003886c f   QtGui4:QtGui4.dll
 0001:0002787c       ?resizeEvent@QWidget@@MAAXPAVQResizeEvent@@@Z 0003887c f   QtGui4:QtGui4.dll
 0001:0002788c       ?moveEvent@QWidget@@MAAXPAVQMoveEvent@@@Z 0003888c f   QtGui4:QtGui4.dll
 0001:0002789c       ?paintEvent@QWidget@@MAAXPAVQPaintEvent@@@Z 0003889c f   QtGui4:QtGui4.dll
 0001:000278ac       ?leaveEvent@QWidget@@MAAXPAVQEvent@@@Z 000388ac f   QtGui4:QtGui4.dll
 0001:000278bc       ?enterEvent@QWidget@@MAAXPAVQEvent@@@Z 000388bc f   QtGui4:QtGui4.dll
 0001:000278cc       ?focusOutEvent@QWidget@@MAAXPAVQFocusEvent@@@Z 000388cc f   QtGui4:QtGui4.dll
 0001:000278dc       ?focusInEvent@QWidget@@MAAXPAVQFocusEvent@@@Z 000388dc f   QtGui4:QtGui4.dll
 0001:000278ec       ?keyReleaseEvent@QWidget@@MAAXPAVQKeyEvent@@@Z 000388ec f   QtGui4:QtGui4.dll
 0001:000278fc       ?keyPressEvent@QWidget@@MAAXPAVQKeyEvent@@@Z 000388fc f   QtGui4:QtGui4.dll
 0001:0002790c       ?mouseMoveEvent@QWidget@@MAAXPAVQMouseEvent@@@Z 0003890c f   QtGui4:QtGui4.dll
 0001:0002791c       ?mouseDoubleClickEvent@QWidget@@MAAXPAVQMouseEvent@@@Z 0003891c f   QtGui4:QtGui4.dll
 0001:0002792c       ?mouseReleaseEvent@QWidget@@MAAXPAVQMouseEvent@@@Z 0003892c f   QtGui4:QtGui4.dll
 0001:0002793c       ?mousePressEvent@QWidget@@MAAXPAVQMouseEvent@@@Z 0003893c f   QtGui4:QtGui4.dll
 0001:0002794c       ?event@QWidget@@MAA_NPAVQEvent@@@Z 0003894c f   QtGui4:QtGui4.dll
 0001:0002795c       ?paintEngine@QWidget@@UBAPAVQPaintEngine@@XZ 0003895c f   QtGui4:QtGui4.dll
 0001:0002796c       ?releaseDC@QWidget@@UBAXPAUHDC__@@@Z 0003896c f   QtGui4:QtGui4.dll
 0001:0002797c       ?getDC@QWidget@@UBAPAUHDC__@@XZ 0003897c f   QtGui4:QtGui4.dll
 0001:0002798c       ?heightForWidth@QWidget@@UBAHH@Z 0003898c f   QtGui4:QtGui4.dll
 0001:0002799c       ?minimumSizeHint@QWidget@@UBA?AVQSize@@XZ 0003899c f   QtGui4:QtGui4.dll
 0001:000279ac       ?sizeHint@QWidget@@UBA?AVQSize@@XZ 000389ac f   QtGui4:QtGui4.dll
 0001:000279bc       ?setVisible@QWidget@@UAAX_N@Z 000389bc f   QtGui4:QtGui4.dll
 0001:000279cc       ?devType@QWidget@@UBAHXZ   000389cc f   QtGui4:QtGui4.dll
 0001:000279dc       ?qt_metacall@QWidget@@UAAHW4Call@QMetaObject@@HPAPAX@Z 000389dc f   QtGui4:QtGui4.dll
 0001:000279ec       ?qt_metacast@QWidget@@UAAPAXPBD@Z 000389ec f   QtGui4:QtGui4.dll
 0001:000279fc       ?metaObject@QWidget@@UBAPBUQMetaObject@@XZ 000389fc f   QtGui4:QtGui4.dll
 0001:00027a0c       ?setHeaderData@QAbstractProxyModel@@UAA_NHW4Orientation@Qt@@ABVQVariant@@H@Z 00038a0c f   QtGui4:QtGui4.dll
 0001:00027a1c       ?itemData@QAbstractProxyModel@@UBA?AV?$QMap@HVQVariant@@@@ABVQModelIndex@@@Z 00038a1c f   QtGui4:QtGui4.dll
 0001:00027a2c       ?headerData@QAbstractProxyModel@@UBA?AVQVariant@@HW4Orientation@Qt@@H@Z 00038a2c f   QtGui4:QtGui4.dll
 0001:00027a3c       ?revert@QAbstractProxyModel@@UAAXXZ 00038a3c f   QtGui4:QtGui4.dll
 0001:00027a4c       ?submit@QAbstractProxyModel@@UAA_NXZ 00038a4c f   QtGui4:QtGui4.dll
 0001:00027a5c       ?mapSelectionFromSource@QAbstractProxyModel@@UBA?AVQItemSelection@@ABV2@@Z 00038a5c f   QtGui4:QtGui4.dll
 0001:00027a6c       ?mapSelectionToSource@QAbstractProxyModel@@UBA?AVQItemSelection@@ABV2@@Z 00038a6c f   QtGui4:QtGui4.dll
 0001:00027a7c       ?setSourceModel@QAbstractProxyModel@@UAAXPAVQAbstractItemModel@@@Z 00038a7c f   QtGui4:QtGui4.dll
 0001:00027a8c       ?metric@QImage@@MBAHW4PaintDeviceMetric@QPaintDevice@@@Z 00038a8c f   QtGui4:QtGui4.dll
 0001:00027a9c       ?paintEngine@QImage@@UBAPAVQPaintEngine@@XZ 00038a9c f   QtGui4:QtGui4.dll
 0001:00027aac       ?devType@QImage@@UBAHXZ    00038aac f   QtGui4:QtGui4.dll
 0001:00027abc       ?timerEvent@QAbstractButton@@MAAXPAVQTimerEvent@@@Z 00038abc f   QtGui4:QtGui4.dll
 0001:00027acc       ?changeEvent@QAbstractButton@@MAAXPAVQEvent@@@Z 00038acc f   QtGui4:QtGui4.dll
 0001:00027adc       ?focusOutEvent@QAbstractButton@@MAAXPAVQFocusEvent@@@Z 00038adc f   QtGui4:QtGui4.dll
 0001:00027aec       ?focusInEvent@QAbstractButton@@MAAXPAVQFocusEvent@@@Z 00038aec f   QtGui4:QtGui4.dll
 0001:00027afc       ?mouseMoveEvent@QAbstractButton@@MAAXPAVQMouseEvent@@@Z 00038afc f   QtGui4:QtGui4.dll
 0001:00027b0c       ?mouseReleaseEvent@QAbstractButton@@MAAXPAVQMouseEvent@@@Z 00038b0c f   QtGui4:QtGui4.dll
 0001:00027b1c       ?mousePressEvent@QAbstractButton@@MAAXPAVQMouseEvent@@@Z 00038b1c f   QtGui4:QtGui4.dll
 0001:00027b2c       ?keyReleaseEvent@QAbstractButton@@MAAXPAVQKeyEvent@@@Z 00038b2c f   QtGui4:QtGui4.dll
 0001:00027b3c       ?keyPressEvent@QAbstractButton@@MAAXPAVQKeyEvent@@@Z 00038b3c f   QtGui4:QtGui4.dll
 0001:00027b4c       ?event@QAbstractButton@@MAA_NPAVQEvent@@@Z 00038b4c f   QtGui4:QtGui4.dll
 0001:00027b5c       ?nextCheckState@QAbstractButton@@MAAXXZ 00038b5c f   QtGui4:QtGui4.dll
 0001:00027b6c       ?checkStateSet@QAbstractButton@@MAAXXZ 00038b6c f   QtGui4:QtGui4.dll
 0001:00027b7c       ?hitButton@QAbstractButton@@MBA_NABVQPoint@@@Z 00038b7c f   QtGui4:QtGui4.dll
 0001:00027b8c       ?qt_metacall@QAbstractButton@@UAAHW4Call@QMetaObject@@HPAPAX@Z 00038b8c f   QtGui4:QtGui4.dll
 0001:00027b9c       ?qt_metacast@QAbstractButton@@UAAPAXPBD@Z 00038b9c f   QtGui4:QtGui4.dll
 0001:00027bac       ?metaObject@QAbstractButton@@UBAPBUQMetaObject@@XZ 00038bac f   QtGui4:QtGui4.dll
 0001:00027bbc       ?standardPalette@QStyle@@UBA?AVQPalette@@XZ 00038bbc f   QtGui4:QtGui4.dll
 0001:00027bcc       ?drawItemPixmap@QStyle@@UBAXPAVQPainter@@ABVQRect@@HABVQPixmap@@@Z 00038bcc f   QtGui4:QtGui4.dll
 0001:00027bdc       ?drawItemText@QStyle@@UBAXPAVQPainter@@ABVQRect@@HABVQPalette@@_NABVQString@@W4ColorRole@4@@Z 00038bdc f   QtGui4:QtGui4.dll
 0001:00027bec       ?itemPixmapRect@QStyle@@UBA?AVQRect@@ABV2@HABVQPixmap@@@Z 00038bec f   QtGui4:QtGui4.dll
 0001:00027bfc       ?itemTextRect@QStyle@@UBA?AVQRect@@ABVQFontMetrics@@ABV2@H_NABVQString@@@Z 00038bfc f   QtGui4:QtGui4.dll
 0001:00027c0c       ?changeEvent@QAbstractSlider@@MAAXPAVQEvent@@@Z 00038c0c f   QtGui4:QtGui4.dll
 0001:00027c1c       ?timerEvent@QAbstractSlider@@MAAXPAVQTimerEvent@@@Z 00038c1c f   QtGui4:QtGui4.dll
 0001:00027c2c       ?keyPressEvent@QAbstractSlider@@MAAXPAVQKeyEvent@@@Z 00038c2c f   QtGui4:QtGui4.dll
 0001:00027c3c       ?sliderChange@QAbstractSlider@@MAAXW4SliderChange@1@@Z 00038c3c f   QtGui4:QtGui4.dll
 0001:00027c4c       ?mouseMoveEvent@QSlider@@MAAXPAVQMouseEvent@@@Z 00038c4c f   QtGui4:QtGui4.dll
 0001:00027c5c       ?mouseReleaseEvent@QSlider@@MAAXPAVQMouseEvent@@@Z 00038c5c f   QtGui4:QtGui4.dll
 0001:00027c6c       ?mousePressEvent@QSlider@@MAAXPAVQMouseEvent@@@Z 00038c6c f   QtGui4:QtGui4.dll
 0001:00027c7c       ?paintEvent@QSlider@@MAAXPAVQPaintEvent@@@Z 00038c7c f   QtGui4:QtGui4.dll
 0001:00027c8c       ?event@QSlider@@UAA_NPAVQEvent@@@Z 00038c8c f   QtGui4:QtGui4.dll
 0001:00027c9c       ?minimumSizeHint@QSlider@@UBA?AVQSize@@XZ 00038c9c f   QtGui4:QtGui4.dll
 0001:00027cac       ?sizeHint@QSlider@@UBA?AVQSize@@XZ 00038cac f   QtGui4:QtGui4.dll
 0001:00027cbc       ?qt_metacall@QSlider@@UAAHW4Call@QMetaObject@@HPAPAX@Z 00038cbc f   QtGui4:QtGui4.dll
 0001:00027ccc       ?qt_metacast@QSlider@@UAAPAXPBD@Z 00038ccc f   QtGui4:QtGui4.dll
 0001:00027cdc       ?metaObject@QSlider@@UBAPBUQMetaObject@@XZ 00038cdc f   QtGui4:QtGui4.dll
 0001:00027cec       ?unpolish@QCommonStyle@@UAAXPAVQWidget@@@Z 00038cec f   QtGui4:QtGui4.dll
 0001:00027cfc       ?unpolish@QCommonStyle@@UAAXPAVQApplication@@@Z 00038cfc f   QtGui4:QtGui4.dll
 0001:00027d0c       ?polish@QCommonStyle@@UAAXAAVQPalette@@@Z 00038d0c f   QtGui4:QtGui4.dll
 0001:00027d1c       ?polish@QCommonStyle@@UAAXPAVQApplication@@@Z 00038d1c f   QtGui4:QtGui4.dll
 0001:00027d2c       ?polish@QCommonStyle@@UAAXPAVQWidget@@@Z 00038d2c f   QtGui4:QtGui4.dll
 0001:00027d3c       ?generatedIconPixmap@QCommonStyle@@UBA?AVQPixmap@@W4Mode@QIcon@@ABV2@PBVQStyleOption@@@Z 00038d3c f   QtGui4:QtGui4.dll
 0001:00027d4c       ?standardPixmap@QCommonStyle@@UBA?AVQPixmap@@W4StandardPixmap@QStyle@@PBVQStyleOption@@PBVQWidget@@@Z 00038d4c f   QtGui4:QtGui4.dll
 0001:00027d5c       ?styleHint@QCommonStyle@@UBAHW4StyleHint@QStyle@@PBVQStyleOption@@PBVQWidget@@PAVQStyleHintReturn@@@Z 00038d5c f   QtGui4:QtGui4.dll
 0001:00027d6c       ?hitTestComplexControl@QCommonStyle@@UBA?AW4SubControl@QStyle@@W4ComplexControl@3@PBVQStyleOptionComplex@@ABVQPoint@@PBVQWidget@@@Z 00038d6c f   QtGui4:QtGui4.dll
 0001:00027d7c       ?subElementRect@QCommonStyle@@UBA?AVQRect@@W4SubElement@QStyle@@PBVQStyleOption@@PBVQWidget@@@Z 00038d7c f   QtGui4:QtGui4.dll
 0001:00027d8c       ?drawControl@QCommonStyle@@UBAXW4ControlElement@QStyle@@PBVQStyleOption@@PAVQPainter@@PBVQWidget@@@Z 00038d8c f   QtGui4:QtGui4.dll
 0001:00027d9c       ?drawPrimitive@QCommonStyle@@UBAXW4PrimitiveElement@QStyle@@PBVQStyleOption@@PAVQPainter@@PBVQWidget@@@Z 00038d9c f   QtGui4:QtGui4.dll
 0001:00027dac       ?qt_metacall@QCommonStyle@@UAAHW4Call@QMetaObject@@HPAPAX@Z 00038dac f   QtGui4:QtGui4.dll
 0001:00027dbc       ?qt_metacast@QCommonStyle@@UAAPAXPBD@Z 00038dbc f   QtGui4:QtGui4.dll
 0001:00027dcc       ?metaObject@QCommonStyle@@UBAPBUQMetaObject@@XZ 00038dcc f   QtGui4:QtGui4.dll
 0001:00027ddc       ?focusNextPrevChild@QLabel@@MAA_N_N@Z 00038ddc f   QtGui4:QtGui4.dll
 0001:00027dec       ?focusOutEvent@QLabel@@MAAXPAVQFocusEvent@@@Z 00038dec f   QtGui4:QtGui4.dll
 0001:00027dfc       ?focusInEvent@QLabel@@MAAXPAVQFocusEvent@@@Z 00038dfc f   QtGui4:QtGui4.dll
 0001:00027e0c       ?mouseReleaseEvent@QLabel@@MAAXPAVQMouseEvent@@@Z 00038e0c f   QtGui4:QtGui4.dll
 0001:00027e1c       ?mouseMoveEvent@QLabel@@MAAXPAVQMouseEvent@@@Z 00038e1c f   QtGui4:QtGui4.dll
 0001:00027e2c       ?mousePressEvent@QLabel@@MAAXPAVQMouseEvent@@@Z 00038e2c f   QtGui4:QtGui4.dll
 0001:00027e3c       ?changeEvent@QLabel@@MAAXPAVQEvent@@@Z 00038e3c f   QtGui4:QtGui4.dll
 0001:00027e4c       ?paintEvent@QLabel@@MAAXPAVQPaintEvent@@@Z 00038e4c f   QtGui4:QtGui4.dll
 0001:00027e5c       ?keyPressEvent@QLabel@@MAAXPAVQKeyEvent@@@Z 00038e5c f   QtGui4:QtGui4.dll
 0001:00027e6c       ?event@QLabel@@MAA_NPAVQEvent@@@Z 00038e6c f   QtGui4:QtGui4.dll
 0001:00027e7c       ?heightForWidth@QLabel@@UBAHH@Z 00038e7c f   QtGui4:QtGui4.dll
 0001:00027e8c       ?minimumSizeHint@QLabel@@UBA?AVQSize@@XZ 00038e8c f   QtGui4:QtGui4.dll
 0001:00027e9c       ?sizeHint@QLabel@@UBA?AVQSize@@XZ 00038e9c f   QtGui4:QtGui4.dll
 0001:00027eac       ?qt_metacall@QLabel@@UAAHW4Call@QMetaObject@@HPAPAX@Z 00038eac f   QtGui4:QtGui4.dll
 0001:00027ebc       ?qt_metacast@QLabel@@UAAPAXPBD@Z 00038ebc f   QtGui4:QtGui4.dll
 0001:00027ecc       ?metaObject@QLabel@@UBAPBUQMetaObject@@XZ 00038ecc f   QtGui4:QtGui4.dll
 0001:00027edc       ?disconnectNotify@QObject@@MAAXPBD@Z 00038edc f   QtCore4:QtCore4.dll
 0001:00027eec       ?connectNotify@QObject@@MAAXPBD@Z 00038eec f   QtCore4:QtCore4.dll
 0001:00027efc       ?customEvent@QObject@@MAAXPAVQEvent@@@Z 00038efc f   QtCore4:QtCore4.dll
 0001:00027f0c       ?childEvent@QObject@@MAAXPAVQChildEvent@@@Z 00038f0c f   QtCore4:QtCore4.dll
 0001:00027f1c       ?timerEvent@QObject@@MAAXPAVQTimerEvent@@@Z 00038f1c f   QtCore4:QtCore4.dll
 0001:00027f2c       ?eventFilter@QObject@@UAA_NPAV1@PAVQEvent@@@Z 00038f2c f   QtCore4:QtCore4.dll
 0001:00027f3c       ?interpolated@QVariantAnimation@@MBA?AVQVariant@@ABV2@0M@Z 00038f3c f   QtCore4:QtCore4.dll
 0001:00027f4c       ?updateCurrentTime@QVariantAnimation@@MAAXH@Z 00038f4c f   QtCore4:QtCore4.dll
 0001:00027f5c       ?duration@QVariantAnimation@@UBAHXZ 00038f5c f   QtCore4:QtCore4.dll
 0001:00027f6c       ?updateState@QPropertyAnimation@@MAAXW4State@QAbstractAnimation@@0@Z 00038f6c f   QtCore4:QtCore4.dll
 0001:00027f7c       ?updateCurrentValue@QPropertyAnimation@@MAAXABVQVariant@@@Z 00038f7c f   QtCore4:QtCore4.dll
 0001:00027f8c       ?event@QPropertyAnimation@@MAA_NPAVQEvent@@@Z 00038f8c f   QtCore4:QtCore4.dll
 0001:00027f9c       ?qt_metacall@QPropertyAnimation@@UAAHW4Call@QMetaObject@@HPAPAX@Z 00038f9c f   QtCore4:QtCore4.dll
 0001:00027fac       ?qt_metacast@QPropertyAnimation@@UAAPAXPBD@Z 00038fac f   QtCore4:QtCore4.dll
[...]
 0003:000008c0       __imp_?moveEvent@QWidget@@MAAXPAVQMoveEvent@@@Z 0009a8c0     QtGui4:QtGui4.dll
 0003:000008c4       __imp_?resizeEvent@QWidget@@MAAXPAVQResizeEvent@@@Z 0009a8c4     QtGui4:QtGui4.dll
 0003:000008c8       __imp_?closeEvent@QWidget@@MAAXPAVQCloseEvent@@@Z 0009a8c8     QtGui4:QtGui4.dll
 0003:000008cc       __imp_?actionEvent@QWidget@@MAAXPAVQActionEvent@@@Z 0009a8cc     QtGui4:QtGui4.dll
 0003:000008d0       __imp_?showEvent@QWidget@@MAAXPAVQShowEvent@@@Z 0009a8d0     QtGui4:QtGui4.dll
 0003:000008d4       __imp_?hideEvent@QWidget@@MAAXPAVQHideEvent@@@Z 0009a8d4     QtGui4:QtGui4.dll
 0003:000008d8       __imp_?winEvent@QWidget@@MAA_NPAUtagMSG@@PAJ@Z 0009a8d8     QtGui4:QtGui4.dll
 0003:000008dc       __imp_?changeEvent@QWidget@@MAAXPAVQEvent@@@Z 0009a8dc     QtGui4:QtGui4.dll
 0003:000008e0       __imp_?metric@QWidget@@MBAHW4PaintDeviceMetric@QPaintDevice@@@Z 0009a8e0     QtGui4:QtGui4.dll
 0003:000008e4       __imp_?inputMethodEvent@QWidget@@MAAXPAVQInputMethodEvent@@@Z 0009a8e4     QtGui4:QtGui4.dll
 0003:000008e8       __imp_?inputMethodQuery@QWidget@@UBA?AVQVariant@@W4InputMethodQuery@Qt@@@Z 0009a8e8     QtGui4:QtGui4.dll
 0003:000008ec       __imp_?focusNextPrevChild@QWidget@@MAA_N_N@Z 0009a8ec     QtGui4:QtGui4.dll
 0003:000008f0       __imp_?styleChange@QWidget@@MAAXAAVQStyle@@@Z 0009a8f0     QtGui4:QtGui4.dll
 0003:000008f4       __imp_?enabledChange@QWidget@@MAAX_N@Z 0009a8f4     QtGui4:QtGui4.dll
 0003:000008f8       __imp_?paletteChange@QWidget@@MAAXABVQPalette@@@Z 0009a8f8     QtGui4:QtGui4.dll
 0003:000008fc       __imp_?fontChange@QWidget@@MAAXABVQFont@@@Z 0009a8fc     QtGui4:QtGui4.dll
 0003:00000900       __imp_?windowActivationChange@QWidget@@MAAX_N@Z 0009a900     QtGui4:QtGui4.dll
 0003:00000904       __imp_?languageChange@QWidget@@MAAXXZ 0009a904     QtGui4:QtGui4.dll
 0003:00000908       __imp_??0QPixmap@@QAA@ABVQSize@@@Z 0009a908     QtGui4:QtGui4.dll
 0003:0000090c       __imp_??0QPixmap@@QAA@XZ   0009a90c     QtGui4:QtGui4.dll
 0003:00000910       __imp_??1QPixmap@@UAA@XZ   0009a910     QtGui4:QtGui4.dll
 0003:00000914       __imp_?devType@QPixmap@@UBAHXZ 0009a914     QtGui4:QtGui4.dll
 0003:00000918       __imp_?width@QPixmap@@QBAHXZ 0009a918     QtGui4:QtGui4.dll
 0003:0000091c       __imp_?height@QPixmap@@QBAHXZ 0009a91c     QtGui4:QtGui4.dll
 0003:00000920       __imp_??1QFont@@QAA@XZ     0009a920     QtGui4:QtGui4.dll
 0003:00000924       __imp_??0QFont@@QAA@XZ     0009a924     QtGui4:QtGui4.dll
 0003:00000928       __imp_?exec@QApplication@@SAHXZ 0009a928     QtGui4:QtGui4.dll
 0003:0000092c       __imp_?paintEngine@QPixmap@@UBAPAVQPaintEngine@@XZ 0009a92c     QtGui4:QtGui4.dll
 0003:00000930       __imp_?metric@QPixmap@@MBAHW4PaintDeviceMetric@QPaintDevice@@@Z 0009a930     QtGui4:QtGui4.dll
 0003:00000934       __imp_?getDC@QPaintDevice@@UBAPAUHDC__@@XZ 0009a934     QtGui4:QtGui4.dll
 0003:00000938       __imp_?releaseDC@QPaintDevice@@UBAXPAUHDC__@@@Z 0009a938     QtGui4:QtGui4.dll
 0003:0000093c       __imp_??0QColor@@QAA@W4GlobalColor@Qt@@@Z 0009a93c     QtGui4:QtGui4.dll
 0003:00000940       __imp_??0QPainter@@QAA@PAVQPaintDevice@@@Z 0009a940     QtGui4:QtGui4.dll
 0003:00000944       __imp_??1QPainter@@QAA@XZ  0009a944     QtGui4:QtGui4.dll
 0003:00000948       __imp_?setFont@QPainter@@QAAXABVQFont@@@Z 0009a948     QtGui4:QtGui4.dll
 0003:0000094c       __imp_?setPen@QPainter@@QAAXW4PenStyle@Qt@@@Z 0009a94c     QtGui4:QtGui4.dll
 0003:00000950       __imp_?setPen@QPainter@@QAAXABVQColor@@@Z 0009a950     QtGui4:QtGui4.dll
 0003:00000954       __imp_?setBrush@QPainter@@QAAXABVQBrush@@@Z 0009a954     QtGui4:QtGui4.dll
 0003:00000958       __imp_?save@QPainter@@QAAXXZ 0009a958     QtGui4:QtGui4.dll
 0003:0000095c       __imp_?restore@QPainter@@QAAXXZ 0009a95c     QtGui4:QtGui4.dll
 0003:00000960       __imp_?drawText@QPainter@@QAAXABVQRect@@HABVQString@@PAV2@@Z 0009a960     QtGui4:QtGui4.dll
 0003:00000964       __imp_??0QBrush@@QAA@ABVQColor@@W4BrushStyle@Qt@@@Z 0009a964     QtGui4:QtGui4.dll
 0003:00000968       __imp_??1QBrush@@QAA@XZ    0009a968     QtGui4:QtGui4.dll
 0003:0000096c       __imp_?setPointSize@QFont@@QAAXH@Z 0009a96c     QtGui4:QtGui4.dll
 0003:00000970       __imp_?setBold@QFont@@QAAX_N@Z 0009a970     QtGui4:QtGui4.dll
 0003:00000974       __imp_?setGeometry@QWidget@@QAAXHHHH@Z 0009a974     QtGui4:QtGui4.dll
 0003:00000978       __imp_?show@QWidget@@QAAXXZ 0009a978     QtGui4:QtGui4.dll
 0003:0000097c       __imp_??0QApplication@@QAA@AAHPAPADH@Z 0009a97c     QtGui4:QtGui4.dll
 0003:00000980       __imp_??1QApplication@@UAA@XZ 0009a980     QtGui4:QtGui4.dll
 0003:00000984       __imp_?setFont@QApplication@@SAXABVQFont@@PBD@Z 0009a984     QtGui4:QtGui4.dll
 0003:00000988       __imp_?size@QPixmap@@QBA?AVQSize@@XZ 0009a988     QtGui4:QtGui4.dll
 0003:0000098c       \177QtGui4_NULL_THUNK_DATA 0009a98c     QtGui4:QtGui4.dll
 0003:00000990       __imp___CxxFrameHandler3   0009a990     MSVCRT:msvcr80.dll
 0003:00000994       __imp_strcpy_s             0009a994     MSVCRT:msvcr80.dll
 0003:00000998       \177msvcr80_NULL_THUNK_DATA 0009a998     MSVCRT:msvcr80.dll
 0003:0000099c       __security_cookie          0009a99c     corelibc:seccinit.obj
 0003:000009a0       __security_cookie_complement 0009a9a0     corelibc:seccinit.obj
 0003:000009ac       ??_R0?AVlogic_error@std@@@8 0009a9ac     libcpmt:string.obj
 0003:000009cc       ??_R0?AVlength_error@std@@@8 0009a9cc     libcpmt:string.obj
 0003:000009ec       ??_R0?AVout_of_range@std@@@8 0009a9ec     libcpmt:string.obj
 0003:00000ad0       ?staticMetaObject@ListView@Settings@@2UQMetaObject@@B 0009aad0     moc_listview.obj
 0003:00000ae0       ?staticMetaObject@NaviPathModel@Settings@@2UQMetaObject@@B 0009aae0     moc_settingmodel.obj
 0003:00000af0       ?staticMetaObject@SettingModel@Settings@@2UQMetaObject@@B 0009aaf0     moc_settingmodel.obj
 0003:00000b00       ?staticMetaObject@FindNaviThread@Settings@@2UQMetaObject@@B 0009ab00     moc_settingmodel.obj
 0003:00000b10       ?staticMetaObject@WalkModel@Settings@@2UQMetaObject@@B 0009ab10     moc_settingmodel.obj
 0003:00000b20       ?staticMetaObject@VersionModel@Settings@@2UQMetaObject@@B 0009ab20     moc_settingmodel.obj
 0003:00000b30       ?staticMetaObject@PageFactory@Settings@@2UQMetaObject@@B 0009ab30     moc_pagefactory.obj
 0003:00000b40       ?staticMetaObject@WallpaperWidget@Settings@@2UQMetaObject@@B 0009ab40     moc_wallpaperwidget.obj
 0003:00000b50       ?staticMetaObject@LoadImgThread@Settings@@2UQMetaObject@@B 0009ab50     moc_wallpaperwidget.obj
 0003:00000b60       ?staticMetaObject@PictureFlow@@2UQMetaObject@@B 0009ab60     moc_pictureflow.obj
 0003:00000b70       ?staticMetaObject@FormatSwitch@Settings@@2UQMetaObject@@B 0009ab70     moc_datetimewidget.obj
 0003:00000b80       ?staticMetaObject@DatetimeWidget@Settings@@2UQMetaObject@@B 0009ab80     moc_datetimewidget.obj
 0003:00000b90       ?staticMetaObject@ComfirmBox@Settings@@2UQMetaObject@@B 0009ab90     moc_comfirmbox.obj
 0003:00000ba0       ?staticMetaObject@ResetWidget@Settings@@2UQMetaObject@@B 0009aba0     moc_resetwidget.obj
 0003:00000bb0       ?staticMetaObject@CalibraWidget@Settings@@2UQMetaObject@@B 0009abb0     moc_calibrawidget.obj
 0003:00000bc0       ?staticMetaObject@WheelKeyWidget@Settings@@2UQMetaObject@@B 0009abc0     moc_wheelkeywidget.obj
 0003:00000bd0       ?staticMetaObject@KeyView@Settings@@2UQMetaObject@@B 0009abd0     moc_keyview.obj
 0003:00000be0       ?staticMetaObject@SpinBox@Settings@@2UQMetaObject@@B 0009abe0     moc_spinbox.obj
 0003:00000bf0       ?staticMetaObject@VSpinBox@Settings@@2UQMetaObject@@B 0009abf0     moc_numberpicker.obj
 0003:00000c00       ?staticMetaObject@BaseEditor@Settings@@2UQMetaObject@@B 0009ac00     moc_baseeditor.obj
 0003:00000c10       ?staticMetaObject@CommonWindow@common@@2UQMetaObject@@B 0009ac10     common:moc_commonwindow.obj
 0003:00000c20       ?staticMetaObject@AbstractButton@common@@2UQMetaObject@@B 0009ac20     common:moc_button.obj
 0003:00000c30       ?staticMetaObject@ButtonGroup@common@@2UQMetaObject@@B 0009ac30     common:moc_button.obj
 0003:00000c40       ?staticMetaObject@Toolbar@common@@2UQMetaObject@@B 0009ac40     common:moc_toolbar.obj
 0003:00000c50       ?staticMetaObject@MouseCapture@common@@2UQMetaObject@@B 0009ac50     common:moc_mousecapture.obj
 0003:00000c60       ?staticMetaObject@TitleBar@common@@2UQMetaObject@@B 0009ac60     common:moc_titlebar.obj
 0003:00000c70       ??_R0?AVListView@Settings@@@8 0009ac70     listview.obj
 0003:00000c90       ??_R0?AVQPixmap@@@8        0009ac90     listview.obj
 0003:00000ca8       ??_R0?AVQPaintDevice@@@8   0009aca8     listview.obj
 0003:00000cc4       ??_R0?AVQObject@@@8        0009acc4     listview.obj
 0003:00000cdc       ??_R0?AVQWidget@@@8        0009acdc     listview.obj
 0003:00000cf4       ??_R0?AVCommonWindow@common@@@8 0009acf4     window.obj
 0003:00000d18       ??_R0?AVWindow@Settings@@@8 0009ad18     window.obj
 0003:00000d38       ??_R0?AVQAbstractAnimation@@@8 0009ad38     window.obj
 0003:00000d5c       ??_R0?AVQVariantAnimation@@@8 0009ad5c     window.obj
 0003:00000d7c       ??_R0?AVQPropertyAnimation@@@8 0009ad7c     window.obj
 0003:00000da0       ??_R0?AVexception@std@@@8  0009ada0     window.obj
 0003:00000dbc       ??_R0?AVbad_alloc@std@@@8  0009adbc     window.obj
 0003:00000dd8       ??_R0?AVQThread@@@8        0009add8     settingmodel.obj
 0003:00000df0       ??_R0?AVFindNaviThread@Settings@@@8 0009adf0     settingmodel.obj
 0003:00000e18       ??_R0?AVNaviPathModel@Settings@@@8 0009ae18     settingmodel.obj
 0003:00000e40       ??_R0?AVVersionModel@Settings@@@8 0009ae40     settingmodel.obj
 0003:00000e64       ??_R0?AVQAbstractProxyModel@@@8 0009ae64     settingmodel.obj
 0003:00000e88       ??_R0?AVWalkModel@Settings@@@8 0009ae88     settingmodel.obj
 0003:00000eac       ??_R0?AVQAbstractItemModel@@@8 0009aeac     settingmodel.obj
 0003:00000ed0       ??_R0?AVSettingModel@Settings@@@8 0009aed0     settingmodel.obj
 0003:00000ef4       ??_R0?AVSlideSwitch@Settings@@@8 0009aef4     slideswitch.obj
 0003:00000f18       ??_R0?AVBaseEditor@Settings@@@8 0009af18     slideswitch.obj
 0003:00000f3c       ??_R0?AVPageFactory@Settings@@@8 0009af3c     pagefactory.obj
 0003:00000f60       ??_R0?AVWallpaperWidget@Settings@@@8 0009af60     wallpaperwidget.obj
 0003:00000f88       ??_R0?AVLoadImgThread@Settings@@@8 0009af88     wallpaperwidget.obj
 0003:00000fb0       ??_R0?AVQImage@@@8         0009afb0     wallpaperwidget.obj
 0003:00000fc8       ??_R0?AVPictureFlow@@@8    0009afc8     pictureflow.obj
 0003:00000fe4       ??_R0?AVDatetimeWidget@Settings@@@8 0009afe4     datetimewidget.obj
 0003:0000100c       ??_R0?AVFormatSwitch@Settings@@@8 0009b00c     datetimewidget.obj
 0003:00001030       ??_R0?AVQAbstractButton@@@8 0009b030     comfirmbox.obj
 0003:00001050       ??_R0?AVButton@?A0xd69e84ac@@@8 0009b050     comfirmbox.obj
 0003:00001074       ??_R0?AVComfirmBox@Settings@@@8 0009b074     comfirmbox.obj
 0003:00001098       ??_R0?AVResetWidget@Settings@@@8 0009b098     resetwidget.obj
 0003:000010bc       ??_R0?AVCalibraWidget@Settings@@@8 0009b0bc     calibrawidget.obj
 0003:000010e4       ??_R0?AVWheelKeyWidget@Settings@@@8 0009b0e4     wheelkeywidget.obj
 0003:0000110c       ??_R0?AVFlickable@Settings@@@8 0009b10c     flickable.obj
 0003:00001130       ??_R0?AVFlickableTicker@Settings@@@8 0009b130     flickable.obj
 0003:00001158       ??_R0?AVQEvent@@@8         0009b158     flickable.obj
 0003:00001170       ??_R0?AVQInputEvent@@@8    0009b170     flickable.obj
 0003:0000118c       ??_R0?AVQMouseEvent@@@8    0009b18c     flickable.obj
 0003:000011a8       ??_R0?AVQEmptyListModel@Settings@@@8 0009b1a8     keyview.obj
 0003:000011d0       ??_R0?AVKeyView@Settings@@@8 0009b1d0     keyview.obj
 0003:000011f0       ??_R0?AVSliderWidget@Settings@@@8 0009b1f0     slider.obj
 0003:00001214       ??_R0?AVQStyle@@@8         0009b214     slider.obj
 0003:0000122c       ??_R0?AVQCommonStyle@@@8   0009b22c     slider.obj
 0003:00001248       ??_R0?AVArthurStyle@Settings@@@8 0009b248     slider.obj
 0003:0000126c       ??_R0?AVQAbstractSlider@@@8 0009b26c     slider.obj
 0003:0000128c       ??_R0?AVQSlider@@@8        0009b28c     slider.obj
 0003:000012a4       ??_R0?AVQFrame@@@8         0009b2a4     slider.obj
 0003:000012bc       ??_R0?AVQLabel@@@8         0009b2bc     slider.obj
 0003:000012d4       ??_R0?AVNumberPicker@Settings@@@8 0009b2d4     numberpicker.obj
 0003:000012f8       ??_R0?AVVSpinBox@Settings@@@8 0009b2f8     numberpicker.obj
 0003:00001318       ??_R0?AVQTranslator@@@8    0009b318     common:commonwindow.obj
 0003:00001334       ??_R0?AVPushButton@common@@@8 0009b334     common:button.obj
 0003:00001354       ??_R0?AVAbstractButton@common@@@8 0009b354     common:button.obj
 0003:00001378       ??_R0?AVButtonGroup@common@@@8 0009b378     common:button.obj
 0003:0000139c       ??_R0?AVToolbar@common@@@8 0009b39c     common:toolbar.obj
 0003:000013bc       ??_R0?AVMouseCapture@common@@@8 0009b3bc     common:mousecapture.obj
 0003:000013e0       ??_R0?AVTitleBar@common@@@8 0009b3e0     common:titlebar.obj
 0003:00001400       _exitflag                  0009b400     corelibc:cexit.obj
 0003:00001404       ?McuAgVar@@3U_MCUAG_VAR_@@A 0009b404     McuAgent:McuAgent.obj
 0003:0000141c       ?pInstance@CShareMemory@@0PAV1@A 0009b41c     McuAgent:CShareMemory.obj
 0003:0000142c       ?hash@translation@Settings@@3V?$QHash@VQString@@V1@@@A 0009b42c     translation.obj
 0003:00001434       ?qCleanupResources_images__dest_instance__@@3VqCleanupResources_images__dest_class__@@A 0009b434     qrc_images.obj
 0003:00001480       ?qCleanupResources_common__dest_instance__@@3VqCleanupResources_common__dest_class__@@A 0009b480     common:qrc_common.obj
 0003:00001490       __onexitend                0009b490     <common>
 0003:00001494       __onexitbegin              0009b494     <common>

 entry point at        0001:00026d14

 Static symbols

 0001:00004b00       __catch$264605             00015b00 f i  CIL library: CIL module
 0001:00004b2c       __catch$264603             00015b2c f i  CIL library: CIL module
 0001:00005a84       ?skipUnknownElement@Settings@@YAXAAVQXmlStreamReader@@@Z 00016a84 f    CIL library: CIL module
 0001:0000b418       ?skipUnknownElement@@YAXAAVQXmlStreamReader@@@Z 0001c418 f    CIL library: CIL module
 0001:0000d25c       ?prepareSurface@@YA?AVQImage@@V1@HH@Z 0001e25c f    CIL library: CIL module
 0001:0001a6d4       ?deaccelerate@Settings@@YA?AVQPoint@@ABV2@HH@Z 0002b6d4 f    CIL library: CIL module
 0001:0001b2e0       ?qEmptyModel@Settings@@YAPAVQEmptyListModel@1@XZ 0002c2e0 f    CIL library: CIL module
 0001:00026a50       ?exception_handler@@YAJPAU_EXCEPTION_POINTERS@@@Z 00037a50 f    CIL library: CIL module
 0001:00026c9c       WinMainCRTStartupHelper    00037c9c f   corelibc:pegwmain.obj
 0001:00026df4       doexit                     00037df4 f   corelibc:cexit.obj
 0001:0002827c       __unwind$17555             0003927c f i libcpmt:string.obj
 0001:0002840c       __unwind$17851             0003940c f   libcpmt:string.obj
 0001:00028488       __unwind$18013             00039488 f i libcpmt:string.obj
 0001:000284e8       __unwind$18063             000394e8 f   libcpmt:string.obj
 0001:000286c0       ??__EWMID_TIMEFORMATCHANGED@@YAXXZ 000396c0 f    CIL library: CIL module
 0001:000286e0       ??__Ehash@translation@Settings@@YAXXZ 000396e0 f    CIL library: CIL module
 0001:00028720       ??__E?staticMetaObject@ListView@Settings@@2UQMetaObject@@B@@YAXXZ 00039720 f    CIL library: CIL module
 0001:0002873c       ??__E?staticMetaObject@SettingModel@Settings@@2UQMetaObject@@B@@YAXXZ 0003973c f    CIL library: CIL module
 0001:00028758       ??__E?staticMetaObject@WalkModel@Settings@@2UQMetaObject@@B@@YAXXZ 00039758 f    CIL library: CIL module
 0001:00028774       ??__E?staticMetaObject@VersionModel@Settings@@2UQMetaObject@@B@@YAXXZ 00039774 f    CIL library: CIL module
 0001:00028790       ??__E?staticMetaObject@FindNaviThread@Settings@@2UQMetaObject@@B@@YAXXZ 00039790 f    CIL library: CIL module
 0001:000287ac       ??__E?staticMetaObject@NaviPathModel@Settings@@2UQMetaObject@@B@@YAXXZ 000397ac f    CIL library: CIL module
 0001:000287c8       ??__E?staticMetaObject@PageFactory@Settings@@2UQMetaObject@@B@@YAXXZ 000397c8 f    CIL library: CIL module
 0001:000287e4       ??__E?staticMetaObject@WallpaperWidget@Settings@@2UQMetaObject@@B@@YAXXZ 000397e4 f    CIL library: CIL module
 0001:00028800       ??__E?staticMetaObject@LoadImgThread@Settings@@2UQMetaObject@@B@@YAXXZ 00039800 f    CIL library: CIL module
 0001:0002881c       ??__E?staticMetaObject@PictureFlow@@2UQMetaObject@@B@@YAXXZ 0003981c f    CIL library: CIL module
 0001:00028838       ??__E?staticMetaObject@FormatSwitch@Settings@@2UQMetaObject@@B@@YAXXZ 00039838 f    CIL library: CIL module
 0001:00028854       ??__E?staticMetaObject@DatetimeWidget@Settings@@2UQMetaObject@@B@@YAXXZ 00039854 f    CIL library: CIL module
 0001:00028870       ??__E?staticMetaObject@ComfirmBox@Settings@@2UQMetaObject@@B@@YAXXZ 00039870 f    CIL library: CIL module
 0001:0002888c       ??__E?staticMetaObject@ResetWidget@Settings@@2UQMetaObject@@B@@YAXXZ 0003988c f    CIL library: CIL module
 0001:000288a8       ??__E?staticMetaObject@CalibraWidget@Settings@@2UQMetaObject@@B@@YAXXZ 000398a8 f    CIL library: CIL module
 0001:000288c4       ??__E?staticMetaObject@WheelKeyWidget@Settings@@2UQMetaObject@@B@@YAXXZ 000398c4 f    CIL library: CIL module
 0001:000288e0       ??__E?staticMetaObject@KeyView@Settings@@2UQMetaObject@@B@@YAXXZ 000398e0 f    CIL library: CIL module
 0001:000288fc       ??__E?staticMetaObject@SpinBox@Settings@@2UQMetaObject@@B@@YAXXZ 000398fc f    CIL library: CIL module
 0001:00028918       ??__E?staticMetaObject@VSpinBox@Settings@@2UQMetaObject@@B@@YAXXZ 00039918 f    CIL library: CIL module
 0001:00028934       ??__E?staticMetaObject@BaseEditor@Settings@@2UQMetaObject@@B@@YAXXZ 00039934 f    CIL library: CIL module
 0001:00028950       ??__EqInitResources_images__init_variable__@@YAXXZ 00039950 f    CIL library: CIL module
 0001:000289a0       ??__EqCleanupResources_images__dest_instance__@@YAXXZ 000399a0 f    CIL library: CIL module
 0001:000289ac       ??__E?staticMetaObject@CommonWindow@common@@2UQMetaObject@@B@@YAXXZ 000399ac f    CIL library: CIL module
 0001:000289c8       ??__ETRIANGLE@@YAXXZ       000399c8 f    CIL library: CIL module
 0001:00028a08       ??__ELINE@@YAXXZ           00039a08 f    CIL library: CIL module
 0001:00028a34       ??__ECROSS@@YAXXZ          00039a34 f    CIL library: CIL module
 0001:00028a80       ??__EqInitResources_common__init_variable__@@YAXXZ 00039a80 f    CIL library: CIL module
 0001:00028ae0       ??__EqCleanupResources_common__dest_instance__@@YAXXZ 00039ae0 f    CIL library: CIL module
 0001:00028aec       ??__E?staticMetaObject@AbstractButton@common@@2UQMetaObject@@B@@YAXXZ 00039aec f    CIL library: CIL module
 0001:00028b08       ??__E?staticMetaObject@ButtonGroup@common@@2UQMetaObject@@B@@YAXXZ 00039b08 f    CIL library: CIL module
 0001:00028b24       ??__E?staticMetaObject@Toolbar@common@@2UQMetaObject@@B@@YAXXZ 00039b24 f    CIL library: CIL module
 0001:00028b40       ??__E?staticMetaObject@MouseCapture@common@@2UQMetaObject@@B@@YAXXZ 00039b40 f    CIL library: CIL module
 0001:00028b5c       ??__E?staticMetaObject@TitleBar@common@@2UQMetaObject@@B@@YAXXZ 00039b5c f    CIL library: CIL module
 0001:00028b78       ??__Fhash@translation@Settings@@YAXXZ 00039b78 f    CIL library: CIL module
 0001:00028bc4       ??__Fcleanup@?7??qEmptyModel@Settings@@YAPAVQEmptyListModel@1@XZ@YAXXZ 00039bc4 f    CIL library: CIL module
 0001:00028c0c       ??__FqCleanupResources_images__dest_instance__@@YAXXZ 00039c0c f    CIL library: CIL module
 0001:00028c44       ??__FqCleanupResources_common__dest_instance__@@YAXXZ 00039c44 f    CIL library: CIL module
